2026-07-30 17:39:53 - INFO - ================================================================================
2026-07-30 17:39:53 - INFO - 开始训练流程
2026-07-30 17:39:53 - INFO - ================================================================================
2026-07-30 17:39:53 - INFO - 
【数据准备】加载THUCNews数据集...
2026-07-30 17:39:58 - INFO - 训练集样本数: 89976
2026-07-30 17:39:58 - INFO - 验证集样本数: 9998
2026-07-30 17:39:58 - INFO - 数据划分比例: 90% 训练 / 10% 验证
2026-07-30 17:39:58 - INFO - 随机种子: 42
2026-07-30 17:39:58 - INFO - 
【模型加载】加载模型和分词器...
2026-07-30 17:40:02 - INFO - 模型总参数量: 101.68M (101,683,977)
2026-07-30 17:40:02 - INFO - 可训练参数量: 101.68M (101,683,977)
2026-07-30 17:40:02 - INFO - 
【数据处理】数据预处理与tokenization...
2026-07-30 17:40:02 - INFO - 禁用滑动窗口，直接截断长文本
2026-07-30 17:40:02 - INFO - 训练集样本数: 89976
2026-07-30 17:40:02 - INFO - 验证集样本数: 9998
2026-07-30 17:40:02 - INFO - 最大序列长度: 512
2026-07-30 17:40:02 - INFO - Batch size: 32
2026-07-30 17:40:02 - INFO - 
【类别权重】分析类别分布并计算权重...
2026-07-30 17:41:18 - INFO - 类别分布统计:
2026-07-30 17:41:18 - INFO -   O (ID=0): 36,542,222 samples (91.45%)
2026-07-30 17:41:18 - INFO -   COMMA (ID=1): 2,001,068 samples (5.01%)
2026-07-30 17:41:18 - INFO -   PERIOD (ID=2): 791,655 samples (1.98%)
2026-07-30 17:41:18 - INFO -   DUN (ID=3): 161,857 samples (0.41%)
2026-07-30 17:41:18 - INFO -   COLON (ID=4): 70,685 samples (0.18%)
2026-07-30 17:41:18 - INFO -   QUOTE_LEFT (ID=5): 196,024 samples (0.49%)
2026-07-30 17:41:18 - INFO -   QUOTE_RIGHT (ID=6): 144,993 samples (0.36%)
2026-07-30 17:41:18 - INFO -   BRACKET_LEFT (ID=7): 25,535 samples (0.06%)
2026-07-30 17:41:18 - INFO -   BRACKET_RIGHT (ID=8): 22,647 samples (0.06%)
2026-07-30 17:41:18 - INFO - 
类别权重策略: sqrt(total / (num_classes * count)) with cap at 5.0
2026-07-30 17:41:18 - INFO - 应用后的权重:
2026-07-30 17:41:18 - INFO -   O: 0.3486x
2026-07-30 17:41:18 - INFO -   COMMA: 1.4895x
2026-07-30 17:41:18 - INFO -   PERIOD: 2.3681x
2026-07-30 17:41:18 - INFO -   DUN: 5.0000x
2026-07-30 17:41:18 - INFO -   COLON: 5.0000x
2026-07-30 17:41:18 - INFO -   QUOTE_LEFT: 4.7590x
2026-07-30 17:41:18 - INFO -   QUOTE_RIGHT: 5.0000x
2026-07-30 17:41:18 - INFO -   BRACKET_LEFT: 5.0000x
2026-07-30 17:41:18 - INFO -   BRACKET_RIGHT: 5.0000x
2026-07-30 17:41:18 - INFO - 
【训练配置】设置训练参数...
2026-07-30 17:41:18 - INFO - Epochs: 3
2026-07-30 17:41:18 - INFO - Learning rate: 2e-05
2026-07-30 17:41:18 - INFO - Batch size (per device): 32
2026-07-30 17:41:18 - INFO - FP16混合精度: True
2026-07-30 17:41:18 - INFO - Weight decay: 0.0
2026-07-30 17:41:18 - INFO - Warmup ratio: None
2026-07-30 17:41:18 - INFO - 设备: cuda
2026-07-30 17:41:18 - INFO - 
================================================================================
2026-07-30 17:41:18 - INFO - 【训练阶段】开始模型训练...
2026-07-30 17:41:18 - INFO - ================================================================================
2026-07-30 17:41:18 - INFO - 从头开始训练
2026-07-30 17:41:36 - INFO -   [训练进度] Step: 100 | Epoch: 0.0356 | Loss: 0.769 | LR: 1.977e-05 | Grad Norm: 1.4079
2026-07-30 17:41:54 - INFO -   [训练进度] Step: 200 | Epoch: 0.0711 | Loss: 0.3748 | LR: 1.954e-05 | Grad Norm: 1.1125
2026-07-30 17:42:11 - INFO -   [训练进度] Step: 300 | Epoch: 0.1067 | Loss: 0.3332 | LR: 1.930e-05 | Grad Norm: 0.8685
2026-07-30 17:42:28 - INFO -   [训练进度] Step: 400 | Epoch: 0.1422 | Loss: 0.3144 | LR: 1.906e-05 | Grad Norm: 1.1275
2026-07-30 17:42:45 - INFO -   [训练进度] Step: 500 | Epoch: 0.1778 | Loss: 0.3033 | LR: 1.882e-05 | Grad Norm: 1.019
2026-07-30 17:43:03 - INFO -   [训练进度] Step: 600 | Epoch: 0.2134 | Loss: 0.2994 | LR: 1.859e-05 | Grad Norm: 0.9002
2026-07-30 17:43:20 - INFO -   [训练进度] Step: 700 | Epoch: 0.2489 | Loss: 0.2893 | LR: 1.835e-05 | Grad Norm: 0.9121
2026-07-30 17:43:37 - INFO -   [训练进度] Step: 800 | Epoch: 0.2845 | Loss: 0.2799 | LR: 1.811e-05 | Grad Norm: 0.8256
2026-07-30 17:43:55 - INFO -   [训练进度] Step: 900 | Epoch: 0.3201 | Loss: 0.2825 | LR: 1.788e-05 | Grad Norm: 1.0633
2026-07-30 17:44:12 - INFO -   [训练进度] Step: 1000 | Epoch: 0.3556 | Loss: 0.2815 | LR: 1.764e-05 | Grad Norm: 1.1455
2026-07-30 17:44:29 - INFO -   [训练进度] Step: 1100 | Epoch: 0.3912 | Loss: 0.268 | LR: 1.740e-05 | Grad Norm: 0.9336
2026-07-30 17:44:46 - INFO -   [训练进度] Step: 1200 | Epoch: 0.4267 | Loss: 0.27 | LR: 1.716e-05 | Grad Norm: 1.1306
2026-07-30 17:45:04 - INFO -   [训练进度] Step: 1300 | Epoch: 0.4623 | Loss: 0.2665 | LR: 1.693e-05 | Grad Norm: 1.0718
2026-07-30 17:45:21 - INFO -   [训练进度] Step: 1400 | Epoch: 0.4979 | Loss: 0.2686 | LR: 1.669e-05 | Grad Norm: 1.0167
2026-07-30 17:45:38 - INFO -   [训练进度] Step: 1500 | Epoch: 0.5334 | Loss: 0.263 | LR: 1.645e-05 | Grad Norm: 0.9259
2026-07-30 17:45:56 - INFO -   [训练进度] Step: 1600 | Epoch: 0.569 | Loss: 0.2614 | LR: 1.622e-05 | Grad Norm: 0.8556
2026-07-30 17:46:13 - INFO -   [训练进度] Step: 1700 | Epoch: 0.6046 | Loss: 0.2574 | LR: 1.598e-05 | Grad Norm: 0.9682
2026-07-30 17:46:31 - INFO -   [训练进度] Step: 1800 | Epoch: 0.6401 | Loss: 0.2602 | LR: 1.574e-05 | Grad Norm: 0.9437
2026-07-30 17:46:48 - INFO -   [训练进度] Step: 1900 | Epoch: 0.6757 | Loss: 0.2572 | LR: 1.550e-05 | Grad Norm: 0.9986
2026-07-30 17:47:05 - INFO -   [训练进度] Step: 2000 | Epoch: 0.7112 | Loss: 0.2519 | LR: 1.527e-05 | Grad Norm: 0.9998
2026-07-30 17:47:23 - INFO -   [训练进度] Step: 2100 | Epoch: 0.7468 | Loss: 0.2469 | LR: 1.503e-05 | Grad Norm: 0.9825
2026-07-30 17:47:40 - INFO -   [训练进度] Step: 2200 | Epoch: 0.7824 | Loss: 0.2525 | LR: 1.479e-05 | Grad Norm: 0.8595
2026-07-30 17:47:57 - INFO -   [训练进度] Step: 2300 | Epoch: 0.8179 | Loss: 0.2489 | LR: 1.456e-05 | Grad Norm: 0.8225
2026-07-30 17:48:15 - INFO -   [训练进度] Step: 2400 | Epoch: 0.8535 | Loss: 0.25 | LR: 1.432e-05 | Grad Norm: 0.868
2026-07-30 17:48:32 - INFO -   [训练进度] Step: 2500 | Epoch: 0.889 | Loss: 0.2505 | LR: 1.408e-05 | Grad Norm: 0.8059
2026-07-30 17:48:50 - INFO -   [训练进度] Step: 2600 | Epoch: 0.9246 | Loss: 0.2469 | LR: 1.385e-05 | Grad Norm: 0.8996
2026-07-30 17:49:07 - INFO -   [训练进度] Step: 2700 | Epoch: 0.9602 | Loss: 0.2459 | LR: 1.361e-05 | Grad Norm: 0.7261
2026-07-30 17:49:24 - INFO -   [训练进度] Step: 2800 | Epoch: 0.9957 | Loss: 0.2434 | LR: 1.337e-05 | Grad Norm: 0.8812
2026-07-30 17:49:59 - INFO -   [训练进度] Step: 2812 | Epoch: 1.0 | Loss: 0 | LR: 0.000e+00
2026-07-30 17:50:16 - INFO -   [训练进度] Step: 2900 | Epoch: 1.0313 | Loss: 0.2283 | LR: 1.313e-05 | Grad Norm: 0.809
2026-07-30 17:50:33 - INFO -   [训练进度] Step: 3000 | Epoch: 1.0669 | Loss: 0.2313 | LR: 1.290e-05 | Grad Norm: 0.8487
2026-07-30 17:50:50 - INFO -   [训练进度] Step: 3100 | Epoch: 1.1024 | Loss: 0.2289 | LR: 1.266e-05 | Grad Norm: 0.8791
2026-07-30 17:51:07 - INFO -   [训练进度] Step: 3200 | Epoch: 1.138 | Loss: 0.2282 | LR: 1.242e-05 | Grad Norm: 0.815
2026-07-30 17:51:25 - INFO -   [训练进度] Step: 3300 | Epoch: 1.1735 | Loss: 0.2254 | LR: 1.219e-05 | Grad Norm: 0.8465
2026-07-30 17:51:42 - INFO -   [训练进度] Step: 3400 | Epoch: 1.2091 | Loss: 0.2229 | LR: 1.195e-05 | Grad Norm: 0.8627
2026-07-30 17:52:00 - INFO -   [训练进度] Step: 3500 | Epoch: 1.2447 | Loss: 0.2283 | LR: 1.171e-05 | Grad Norm: 0.8607
2026-07-30 17:52:17 - INFO -   [训练进度] Step: 3600 | Epoch: 1.2802 | Loss: 0.2281 | LR: 1.147e-05 | Grad Norm: 0.9671
2026-07-30 17:52:35 - INFO -   [训练进度] Step: 3700 | Epoch: 1.3158 | Loss: 0.2233 | LR: 1.124e-05 | Grad Norm: 0.938
2026-07-30 17:52:52 - INFO -   [训练进度] Step: 3800 | Epoch: 1.3514 | Loss: 0.227 | LR: 1.100e-05 | Grad Norm: 0.7884
2026-07-30 17:53:09 - INFO -   [训练进度] Step: 3900 | Epoch: 1.3869 | Loss: 0.226 | LR: 1.076e-05 | Grad Norm: 0.7767
2026-07-30 17:53:26 - INFO -   [训练进度] Step: 4000 | Epoch: 1.4225 | Loss: 0.2291 | LR: 1.053e-05 | Grad Norm: 0.9333
2026-07-30 17:53:44 - INFO -   [训练进度] Step: 4100 | Epoch: 1.458 | Loss: 0.2265 | LR: 1.029e-05 | Grad Norm: 0.8405
2026-07-30 17:54:01 - INFO -   [训练进度] Step: 4200 | Epoch: 1.4936 | Loss: 0.228 | LR: 1.005e-05 | Grad Norm: 0.7832
2026-07-30 17:54:18 - INFO -   [训练进度] Step: 4300 | Epoch: 1.5292 | Loss: 0.2234 | LR: 9.815e-06 | Grad Norm: 0.8462
2026-07-30 17:54:36 - INFO -   [训练进度] Step: 4400 | Epoch: 1.5647 | Loss: 0.225 | LR: 9.578e-06 | Grad Norm: 0.8652
2026-07-30 17:54:53 - INFO -   [训练进度] Step: 4500 | Epoch: 1.6003 | Loss: 0.2224 | LR: 9.341e-06 | Grad Norm: 0.9119
2026-07-30 17:55:11 - INFO -   [训练进度] Step: 4600 | Epoch: 1.6358 | Loss: 0.2221 | LR: 9.104e-06 | Grad Norm: 0.753
2026-07-30 17:55:28 - INFO -   [训练进度] Step: 4700 | Epoch: 1.6714 | Loss: 0.2199 | LR: 8.867e-06 | Grad Norm: 0.7559
2026-07-30 17:55:46 - INFO -   [训练进度] Step: 4800 | Epoch: 1.707 | Loss: 0.225 | LR: 8.630e-06 | Grad Norm: 0.6242
2026-07-30 17:56:03 - INFO -   [训练进度] Step: 4900 | Epoch: 1.7425 | Loss: 0.2216 | LR: 8.393e-06 | Grad Norm: 0.8336
2026-07-30 17:56:20 - INFO -   [训练进度] Step: 5000 | Epoch: 1.7781 | Loss: 0.221 | LR: 8.156e-06 | Grad Norm: 0.7541
2026-07-30 17:56:38 - INFO -   [训练进度] Step: 5100 | Epoch: 1.8137 | Loss: 0.2179 | LR: 7.918e-06 | Grad Norm: 0.8694
2026-07-30 17:56:55 - INFO -   [训练进度] Step: 5200 | Epoch: 1.8492 | Loss: 0.2215 | LR: 7.681e-06 | Grad Norm: 0.6963
2026-07-30 17:57:13 - INFO -   [训练进度] Step: 5300 | Epoch: 1.8848 | Loss: 0.2208 | LR: 7.444e-06 | Grad Norm: 0.7012
2026-07-30 17:57:30 - INFO -   [训练进度] Step: 5400 | Epoch: 1.9203 | Loss: 0.2232 | LR: 7.207e-06 | Grad Norm: 0.6554
2026-07-30 17:57:48 - INFO -   [训练进度] Step: 5500 | Epoch: 1.9559 | Loss: 0.229 | LR: 6.970e-06 | Grad Norm: 0.913
2026-07-30 17:58:05 - INFO -   [训练进度] Step: 5600 | Epoch: 1.9915 | Loss: 0.2182 | LR: 6.733e-06 | Grad Norm: 1.0174
2026-07-30 17:58:43 - INFO -   [训练进度] Step: 5624 | Epoch: 2.0 | Loss: 0 | LR: 0.000e+00
2026-07-30 17:58:57 - INFO -   [训练进度] Step: 5700 | Epoch: 2.027 | Loss: 0.2089 | LR: 6.496e-06 | Grad Norm: 0.7742
2026-07-30 17:59:15 - INFO -   [训练进度] Step: 5800 | Epoch: 2.0626 | Loss: 0.2069 | LR: 6.259e-06 | Grad Norm: 0.7814
2026-07-30 17:59:32 - INFO -   [训练进度] Step: 5900 | Epoch: 2.0982 | Loss: 0.207 | LR: 6.022e-06 | Grad Norm: 0.8694
2026-07-30 17:59:50 - INFO -   [训练进度] Step: 6000 | Epoch: 2.1337 | Loss: 0.2085 | LR: 5.785e-06 | Grad Norm: 0.9488
2026-07-30 18:00:07 - INFO -   [训练进度] Step: 6100 | Epoch: 2.1693 | Loss: 0.2116 | LR: 5.548e-06 | Grad Norm: 0.9244
2026-07-30 18:00:24 - INFO -   [训练进度] Step: 6200 | Epoch: 2.2048 | Loss: 0.2057 | LR: 5.311e-06 | Grad Norm: 0.7581
2026-07-30 18:00:42 - INFO -   [训练进度] Step: 6300 | Epoch: 2.2404 | Loss: 0.2025 | LR: 5.073e-06 | Grad Norm: 0.9137
2026-07-30 18:00:59 - INFO -   [训练进度] Step: 6400 | Epoch: 2.276 | Loss: 0.2086 | LR: 4.836e-06 | Grad Norm: 0.8714
2026-07-30 18:01:17 - INFO -   [训练进度] Step: 6500 | Epoch: 2.3115 | Loss: 0.208 | LR: 4.599e-06 | Grad Norm: 1.129
2026-07-30 18:01:34 - INFO -   [训练进度] Step: 6600 | Epoch: 2.3471 | Loss: 0.2087 | LR: 4.362e-06 | Grad Norm: 0.8967
2026-07-30 18:01:52 - INFO -   [训练进度] Step: 6700 | Epoch: 2.3826 | Loss: 0.2074 | LR: 4.125e-06 | Grad Norm: 0.9727
2026-07-30 18:02:09 - INFO -   [训练进度] Step: 6800 | Epoch: 2.4182 | Loss: 0.2077 | LR: 3.888e-06 | Grad Norm: 0.914
2026-07-30 18:02:26 - INFO -   [训练进度] Step: 6900 | Epoch: 2.4538 | Loss: 0.2068 | LR: 3.651e-06 | Grad Norm: 0.9022
2026-07-30 18:02:44 - INFO -   [训练进度] Step: 7000 | Epoch: 2.4893 | Loss: 0.2103 | LR: 3.414e-06 | Grad Norm: 0.8533
2026-07-30 18:03:01 - INFO -   [训练进度] Step: 7100 | Epoch: 2.5249 | Loss: 0.2061 | LR: 3.177e-06 | Grad Norm: 0.7573
2026-07-30 18:03:19 - INFO -   [训练进度] Step: 7200 | Epoch: 2.5605 | Loss: 0.2066 | LR: 2.940e-06 | Grad Norm: 0.8973
2026-07-30 18:03:36 - INFO -   [训练进度] Step: 7300 | Epoch: 2.596 | Loss: 0.207 | LR: 2.703e-06 | Grad Norm: 0.7933
2026-07-30 18:03:54 - INFO -   [训练进度] Step: 7400 | Epoch: 2.6316 | Loss: 0.2027 | LR: 2.466e-06 | Grad Norm: 0.9151
2026-07-30 18:04:11 - INFO -   [训练进度] Step: 7500 | Epoch: 2.6671 | Loss: 0.2045 | LR: 2.229e-06 | Grad Norm: 0.6926
2026-07-30 18:04:28 - INFO -   [训练进度] Step: 7600 | Epoch: 2.7027 | Loss: 0.2038 | LR: 1.991e-06 | Grad Norm: 0.6345
2026-07-30 18:04:46 - INFO -   [训练进度] Step: 7700 | Epoch: 2.7383 | Loss: 0.2064 | LR: 1.754e-06 | Grad Norm: 0.7541
2026-07-30 18:05:03 - INFO -   [训练进度] Step: 7800 | Epoch: 2.7738 | Loss: 0.2068 | LR: 1.517e-06 | Grad Norm: 0.8062
2026-07-30 18:05:21 - INFO -   [训练进度] Step: 7900 | Epoch: 2.8094 | Loss: 0.2064 | LR: 1.280e-06 | Grad Norm: 0.8718
2026-07-30 18:05:38 - INFO -   [训练进度] Step: 8000 | Epoch: 2.845 | Loss: 0.2051 | LR: 1.043e-06 | Grad Norm: 0.7656
2026-07-30 18:05:56 - INFO -   [训练进度] Step: 8100 | Epoch: 2.8805 | Loss: 0.2042 | LR: 8.061e-07 | Grad Norm: 0.8495
2026-07-30 18:06:13 - INFO -   [训练进度] Step: 8200 | Epoch: 2.9161 | Loss: 0.2025 | LR: 5.690e-07 | Grad Norm: 0.7968
2026-07-30 18:06:31 - INFO -   [训练进度] Step: 8300 | Epoch: 2.9516 | Loss: 0.2062 | LR: 3.319e-07 | Grad Norm: 0.8808
2026-07-30 18:06:48 - INFO -   [训练进度] Step: 8400 | Epoch: 2.9872 | Loss: 0.2073 | LR: 9.483e-08 | Grad Norm: 0.822
2026-07-30 18:07:27 - INFO -   [训练进度] Step: 8436 | Epoch: 3.0 | Loss: 0 | LR: 0.000e+00
2026-07-30 18:07:28 - INFO -   [训练进度] Step: 8436 | Epoch: 3.0 | Loss: 0 | LR: 0.000e+00
2026-07-30 18:07:28 - INFO - 
训练完成！总耗时: 1655.37 秒 (27.59 分钟)
2026-07-30 18:07:28 - INFO - 
================================================================================
2026-07-30 18:07:28 - INFO - 【验证集评测】完整评测结果
2026-07-30 18:07:28 - INFO - ================================================================================
2026-07-30 18:08:01 - INFO -   [训练进度] Step: 8436 | Epoch: 3.0 | Loss: 0 | LR: 0.000e+00
2026-07-30 18:08:01 - INFO - eval_loss: 0.2258
2026-07-30 18:08:01 - INFO - eval_macro_f1: 0.7283
2026-07-30 18:08:01 - INFO - eval_char_accuracy: 0.9650
2026-07-30 18:08:01 - INFO - eval_O_f1: 0.9871
2026-07-30 18:08:01 - INFO - eval_COMMA_f1: 0.7937
2026-07-30 18:08:01 - INFO - eval_PERIOD_f1: 0.7611
2026-07-30 18:08:01 - INFO - eval_DUN_f1: 0.6813
2026-07-30 18:08:01 - INFO - eval_COLON_f1: 0.6608
2026-07-30 18:08:01 - INFO - eval_QUOTE_LEFT_f1: 0.5666
2026-07-30 18:08:01 - INFO - eval_QUOTE_RIGHT_f1: 0.6099
2026-07-30 18:08:01 - INFO - eval_BRACKET_LEFT_f1: 0.7685
2026-07-30 18:08:01 - INFO - eval_BRACKET_RIGHT_f1: 0.7260
2026-07-30 18:08:01 - INFO - eval_runtime: 32.8066
2026-07-30 18:08:01 - INFO - eval_samples_per_second: 304.7550
2026-07-30 18:08:01 - INFO - eval_steps_per_second: 9.5410
2026-07-30 18:08:01 - INFO - epoch: 3.0000
2026-07-30 18:08:01 - INFO - 
最佳Epoch: 3
2026-07-30 18:08:01 - INFO - 
================================================================================
2026-07-30 18:08:01 - INFO - 【结果保存】保存训练记录和日志
2026-07-30 18:08:01 - INFO - ================================================================================
2026-07-30 18:08:01 - INFO - 
评估结果已保存至: ./eval_results.json
2026-07-30 18:08:01 - INFO - 历史记录数: 7
2026-07-30 18:08:01 - INFO - 训练日志已保存至: ./logs/training_20260730_173953.log
2026-07-30 18:08:01 - INFO - 
【模型保存】保存最佳模型...
2026-07-30 18:08:02 - INFO - 模型已保存至: ./punctuation_best
2026-07-30 18:08:02 - INFO - 
================================================================================
2026-07-30 18:08:02 - INFO - 训练流程全部完成！
2026-07-30 18:08:02 - INFO - ================================================================================
