2026-07-30 15:51:57 - INFO - ================================================================================
2026-07-30 15:51:57 - INFO - 开始训练流程
2026-07-30 15:51:57 - INFO - ================================================================================
2026-07-30 15:51:57 - INFO - 
【数据准备】加载THUCNews数据集...
2026-07-30 15:52:09 - INFO - 训练集样本数: 89976
2026-07-30 15:52:09 - INFO - 验证集样本数: 9998
2026-07-30 15:52:09 - INFO - 数据划分比例: 90% 训练 / 10% 验证
2026-07-30 15:52:09 - INFO - 随机种子: 42
2026-07-30 15:52:09 - INFO - 
【模型加载】加载模型和分词器...
2026-07-30 15:52:15 - INFO - 模型总参数量: 101.68M (101,683,977)
2026-07-30 15:52:15 - INFO - 可训练参数量: 101.68M (101,683,977)
2026-07-30 15:52:15 - INFO - 
【数据处理】数据预处理与tokenization...
2026-07-30 15:52:15 - INFO - 禁用滑动窗口，直接截断长文本
2026-07-30 15:53:13 - INFO - 训练集样本数: 89976
2026-07-30 15:53:13 - INFO - 验证集样本数: 9998
2026-07-30 15:53:13 - INFO - 最大序列长度: 512
2026-07-30 15:53:13 - INFO - Batch size: 16
2026-07-30 15:53:13 - INFO - 
【类别权重】分析类别分布并计算权重...
2026-07-30 15:53:57 - INFO - 类别分布统计:
2026-07-30 15:53:57 - INFO -   O (ID=0): 36,542,222 samples (91.45%)
2026-07-30 15:53:57 - INFO -   COMMA (ID=1): 2,001,068 samples (5.01%)
2026-07-30 15:53:57 - INFO -   PERIOD (ID=2): 791,655 samples (1.98%)
2026-07-30 15:53:57 - INFO -   DUN (ID=3): 161,857 samples (0.41%)
2026-07-30 15:53:57 - INFO -   COLON (ID=4): 70,685 samples (0.18%)
2026-07-30 15:53:57 - INFO -   QUOTE_LEFT (ID=5): 196,024 samples (0.49%)
2026-07-30 15:53:57 - INFO -   QUOTE_RIGHT (ID=6): 144,993 samples (0.36%)
2026-07-30 15:53:57 - INFO -   BRACKET_LEFT (ID=7): 25,535 samples (0.06%)
2026-07-30 15:53:57 - INFO -   BRACKET_RIGHT (ID=8): 22,647 samples (0.06%)
2026-07-30 15:53:57 - INFO - 
类别权重策略: sqrt(total / (num_classes * count)) with cap at 5.0
2026-07-30 15:53:57 - INFO - 应用后的权重:
2026-07-30 15:53:57 - INFO -   O: 0.3486x
2026-07-30 15:53:57 - INFO -   COMMA: 1.4895x
2026-07-30 15:53:57 - INFO -   PERIOD: 2.3681x
2026-07-30 15:53:57 - INFO -   DUN: 5.0000x
2026-07-30 15:53:57 - INFO -   COLON: 5.0000x
2026-07-30 15:53:57 - INFO -   QUOTE_LEFT: 4.7590x
2026-07-30 15:53:57 - INFO -   QUOTE_RIGHT: 5.0000x
2026-07-30 15:53:57 - INFO -   BRACKET_LEFT: 5.0000x
2026-07-30 15:53:57 - INFO -   BRACKET_RIGHT: 5.0000x
2026-07-30 15:53:57 - INFO - 
【训练配置】设置训练参数...
2026-07-30 15:53:57 - INFO - Epochs: 5
2026-07-30 15:53:57 - INFO - Learning rate: 1e-05
2026-07-30 15:53:57 - INFO - Batch size (per device): 16
2026-07-30 15:53:57 - INFO - FP16混合精度: True
2026-07-30 15:53:57 - INFO - Weight decay: 0.0
2026-07-30 15:53:57 - INFO - Warmup ratio: None
2026-07-30 15:53:57 - INFO - 设备: cuda
2026-07-30 15:53:57 - INFO - 
================================================================================
2026-07-30 15:53:57 - INFO - 【训练阶段】开始模型训练...
2026-07-30 15:53:57 - INFO - ================================================================================
2026-07-30 15:53:57 - INFO - 从头开始训练
2026-07-30 15:54:32 - INFO -   [训练进度] Step: 100 | Epoch: 0.0178 | Loss: 0.9933 | LR: 9.965e-06 | Grad Norm: 1.7779
2026-07-30 15:55:07 - INFO -   [训练进度] Step: 200 | Epoch: 0.0356 | Loss: 0.4893 | LR: 9.929e-06 | Grad Norm: 2.0581
2026-07-30 15:55:40 - INFO -   [训练进度] Step: 300 | Epoch: 0.0533 | Loss: 0.3954 | LR: 9.894e-06 | Grad Norm: 2.1569
2026-07-30 15:56:13 - INFO -   [训练进度] Step: 400 | Epoch: 0.0711 | Loss: 0.3764 | LR: 9.858e-06 | Grad Norm: 2.1239
2026-07-30 15:56:47 - INFO -   [训练进度] Step: 500 | Epoch: 0.0889 | Loss: 0.3477 | LR: 9.823e-06 | Grad Norm: 1.6807
2026-07-30 15:57:21 - INFO -   [训练进度] Step: 600 | Epoch: 0.1067 | Loss: 0.3364 | LR: 9.787e-06 | Grad Norm: 1.9535
2026-07-30 15:57:54 - INFO -   [训练进度] Step: 700 | Epoch: 0.1245 | Loss: 0.325 | LR: 9.751e-06 | Grad Norm: 2.219
2026-07-30 15:58:27 - INFO -   [训练进度] Step: 800 | Epoch: 0.1422 | Loss: 0.321 | LR: 9.716e-06 | Grad Norm: 1.6241
2026-07-30 15:59:00 - INFO -   [训练进度] Step: 900 | Epoch: 0.16 | Loss: 0.314 | LR: 9.680e-06 | Grad Norm: 1.3792
2026-07-30 15:59:33 - INFO -   [训练进度] Step: 1000 | Epoch: 0.1778 | Loss: 0.3036 | LR: 9.645e-06 | Grad Norm: 1.3882
2026-07-30 16:00:06 - INFO -   [训练进度] Step: 1100 | Epoch: 0.1956 | Loss: 0.3123 | LR: 9.609e-06 | Grad Norm: 1.5597
2026-07-30 16:00:39 - INFO -   [训练进度] Step: 1200 | Epoch: 0.2134 | Loss: 0.2985 | LR: 9.574e-06 | Grad Norm: 1.3699
2026-07-30 16:01:12 - INFO -   [训练进度] Step: 1300 | Epoch: 0.2312 | Loss: 0.2986 | LR: 9.538e-06 | Grad Norm: 1.862
2026-07-30 16:01:46 - INFO -   [训练进度] Step: 1400 | Epoch: 0.2489 | Loss: 0.2922 | LR: 9.502e-06 | Grad Norm: 1.289
2026-07-30 16:02:19 - INFO -   [训练进度] Step: 1500 | Epoch: 0.2667 | Loss: 0.2909 | LR: 9.467e-06 | Grad Norm: 1.5238
2026-07-30 16:02:52 - INFO -   [训练进度] Step: 1600 | Epoch: 0.2845 | Loss: 0.2811 | LR: 9.431e-06 | Grad Norm: 1.237
2026-07-30 16:03:26 - INFO -   [训练进度] Step: 1700 | Epoch: 0.3023 | Loss: 0.2892 | LR: 9.396e-06 | Grad Norm: 1.3311
2026-07-30 16:03:59 - INFO -   [训练进度] Step: 1800 | Epoch: 0.3201 | Loss: 0.2883 | LR: 9.360e-06 | Grad Norm: 1.2729
2026-07-30 16:04:32 - INFO -   [训练进度] Step: 1900 | Epoch: 0.3378 | Loss: 0.2884 | LR: 9.325e-06 | Grad Norm: 1.4379
2026-07-30 16:05:05 - INFO -   [训练进度] Step: 2000 | Epoch: 0.3556 | Loss: 0.2868 | LR: 9.289e-06 | Grad Norm: 1.6346
2026-07-30 16:05:39 - INFO -   [训练进度] Step: 2100 | Epoch: 0.3734 | Loss: 0.2748 | LR: 9.254e-06 | Grad Norm: 1.1847
2026-07-30 16:06:13 - INFO -   [训练进度] Step: 2200 | Epoch: 0.3912 | Loss: 0.2701 | LR: 9.218e-06 | Grad Norm: 1.2328
2026-07-30 16:06:47 - INFO -   [训练进度] Step: 2300 | Epoch: 0.409 | Loss: 0.2715 | LR: 9.182e-06 | Grad Norm: 1.2176
2026-07-30 16:07:20 - INFO -   [训练进度] Step: 2400 | Epoch: 0.4267 | Loss: 0.2798 | LR: 9.147e-06 | Grad Norm: 1.9352
2026-07-30 16:07:53 - INFO -   [训练进度] Step: 2500 | Epoch: 0.4445 | Loss: 0.269 | LR: 9.111e-06 | Grad Norm: 1.2791
2026-07-30 16:08:27 - INFO -   [训练进度] Step: 2600 | Epoch: 0.4623 | Loss: 0.2729 | LR: 9.076e-06 | Grad Norm: 1.4178
2026-07-30 16:09:01 - INFO -   [训练进度] Step: 2700 | Epoch: 0.4801 | Loss: 0.2709 | LR: 9.040e-06 | Grad Norm: 1.337
2026-07-30 16:09:34 - INFO -   [训练进度] Step: 2800 | Epoch: 0.4979 | Loss: 0.2756 | LR: 9.005e-06 | Grad Norm: 1.135
2026-07-30 16:10:07 - INFO -   [训练进度] Step: 2900 | Epoch: 0.5156 | Loss: 0.2669 | LR: 8.969e-06 | Grad Norm: 1.7739
2026-07-30 16:10:40 - INFO -   [训练进度] Step: 3000 | Epoch: 0.5334 | Loss: 0.265 | LR: 8.933e-06 | Grad Norm: 1.1676
2026-07-30 16:11:13 - INFO -   [训练进度] Step: 3100 | Epoch: 0.5512 | Loss: 0.269 | LR: 8.898e-06 | Grad Norm: 1.1971
2026-07-30 16:11:47 - INFO -   [训练进度] Step: 3200 | Epoch: 0.569 | Loss: 0.2647 | LR: 8.862e-06 | Grad Norm: 1.1069
2026-07-30 16:12:20 - INFO -   [训练进度] Step: 3300 | Epoch: 0.5868 | Loss: 0.2603 | LR: 8.827e-06 | Grad Norm: 1.3387
2026-07-30 16:12:53 - INFO -   [训练进度] Step: 3400 | Epoch: 0.6046 | Loss: 0.2657 | LR: 8.791e-06 | Grad Norm: 1.5649
2026-07-30 16:13:26 - INFO -   [训练进度] Step: 3500 | Epoch: 0.6223 | Loss: 0.2635 | LR: 8.756e-06 | Grad Norm: 1.2688
2026-07-30 16:14:00 - INFO -   [训练进度] Step: 3600 | Epoch: 0.6401 | Loss: 0.2644 | LR: 8.720e-06 | Grad Norm: 1.2744
2026-07-30 16:14:33 - INFO -   [训练进度] Step: 3700 | Epoch: 0.6579 | Loss: 0.2587 | LR: 8.685e-06 | Grad Norm: 1.4216
2026-07-30 16:15:06 - INFO -   [训练进度] Step: 3800 | Epoch: 0.6757 | Loss: 0.2642 | LR: 8.649e-06 | Grad Norm: 1.2674
2026-07-30 16:15:39 - INFO -   [训练进度] Step: 3900 | Epoch: 0.6935 | Loss: 0.2557 | LR: 8.613e-06 | Grad Norm: 1.0725
2026-07-30 16:16:13 - INFO -   [训练进度] Step: 4000 | Epoch: 0.7112 | Loss: 0.2583 | LR: 8.578e-06 | Grad Norm: 1.7155
2026-07-30 16:16:46 - INFO -   [训练进度] Step: 4100 | Epoch: 0.729 | Loss: 0.2497 | LR: 8.542e-06 | Grad Norm: 1.2914
2026-07-30 16:17:19 - INFO -   [训练进度] Step: 4200 | Epoch: 0.7468 | Loss: 0.2514 | LR: 8.507e-06 | Grad Norm: 1.4526
2026-07-30 16:17:52 - INFO -   [训练进度] Step: 4300 | Epoch: 0.7646 | Loss: 0.2554 | LR: 8.471e-06 | Grad Norm: 1.4088
2026-07-30 16:18:25 - INFO -   [训练进度] Step: 4400 | Epoch: 0.7824 | Loss: 0.2572 | LR: 8.436e-06 | Grad Norm: 1.018
2026-07-30 16:18:59 - INFO -   [训练进度] Step: 4500 | Epoch: 0.8001 | Loss: 0.2505 | LR: 8.400e-06 | Grad Norm: 1.3686
2026-07-30 16:19:32 - INFO -   [训练进度] Step: 4600 | Epoch: 0.8179 | Loss: 0.2512 | LR: 8.365e-06 | Grad Norm: 1.4401
2026-07-30 16:20:05 - INFO -   [训练进度] Step: 4700 | Epoch: 0.8357 | Loss: 0.2505 | LR: 8.329e-06 | Grad Norm: 1.0204
2026-07-30 16:20:38 - INFO -   [训练进度] Step: 4800 | Epoch: 0.8535 | Loss: 0.2584 | LR: 8.293e-06 | Grad Norm: 1.1794
2026-07-30 16:21:13 - INFO -   [训练进度] Step: 4900 | Epoch: 0.8713 | Loss: 0.2542 | LR: 8.258e-06 | Grad Norm: 1.0488
2026-07-30 16:21:46 - INFO -   [训练进度] Step: 5000 | Epoch: 0.889 | Loss: 0.2556 | LR: 8.222e-06 | Grad Norm: 0.9886
2026-07-30 16:22:19 - INFO -   [训练进度] Step: 5100 | Epoch: 0.9068 | Loss: 0.2504 | LR: 8.187e-06 | Grad Norm: 1.1087
2026-07-30 16:22:54 - INFO -   [训练进度] Step: 5200 | Epoch: 0.9246 | Loss: 0.2518 | LR: 8.151e-06 | Grad Norm: 1.2534
2026-07-30 16:23:27 - INFO -   [训练进度] Step: 5300 | Epoch: 0.9424 | Loss: 0.2532 | LR: 8.116e-06 | Grad Norm: 1.3737
2026-07-30 16:24:00 - INFO -   [训练进度] Step: 5400 | Epoch: 0.9602 | Loss: 0.2474 | LR: 8.080e-06 | Grad Norm: 1.1829
2026-07-30 16:24:34 - INFO -   [训练进度] Step: 5500 | Epoch: 0.978 | Loss: 0.2489 | LR: 8.044e-06 | Grad Norm: 1.3471
