2026-07-30 13:32:25 - INFO - ================================================================================
2026-07-30 13:32:25 - INFO - 开始训练流程
2026-07-30 13:32:25 - INFO - ================================================================================
2026-07-30 13:32:25 - INFO - 
【数据准备】加载THUCNews数据集...
2026-07-30 13:32:37 - INFO - 训练集样本数: 89976
2026-07-30 13:32:37 - INFO - 验证集样本数: 9998
2026-07-30 13:32:37 - INFO - 数据划分比例: 90% 训练 / 10% 验证
2026-07-30 13:32:37 - INFO - 随机种子: 42
2026-07-30 13:32:37 - INFO - 
【模型加载】加载模型和分词器...
2026-07-30 13:32:41 - INFO - 模型总参数量: 101.68M (101,683,977)
2026-07-30 13:32:41 - INFO - 可训练参数量: 101.68M (101,683,977)
2026-07-30 13:32:41 - INFO - 
【数据处理】数据预处理与tokenization...
2026-07-30 13:33:59 - INFO - 最大序列长度: 128
2026-07-30 13:33:59 - INFO - Batch size: 16
2026-07-30 13:33:59 - INFO - 
【类别权重】分析类别分布并计算权重...
2026-07-30 13:34:12 - INFO - 类别分布统计:
2026-07-30 13:34:12 - INFO -   O (ID=0): 10,318,872 samples (92.33%)
2026-07-30 13:34:12 - INFO -   COMMA (ID=1): 508,274 samples (4.55%)
2026-07-30 13:34:12 - INFO -   PERIOD (ID=2): 194,539 samples (1.74%)
2026-07-30 13:34:12 - INFO -   DUN (ID=3): 41,718 samples (0.37%)
2026-07-30 13:34:12 - INFO -   COLON (ID=4): 19,699 samples (0.18%)
2026-07-30 13:34:12 - INFO -   QUOTE_LEFT (ID=5): 45,724 samples (0.41%)
2026-07-30 13:34:12 - INFO -   QUOTE_RIGHT (ID=6): 27,714 samples (0.25%)
2026-07-30 13:34:12 - INFO -   BRACKET_LEFT (ID=7): 10,371 samples (0.09%)
2026-07-30 13:34:12 - INFO -   BRACKET_RIGHT (ID=8): 9,206 samples (0.08%)
2026-07-30 13:34:12 - INFO - 
类别权重策略: sqrt(total / (num_classes * count)) with cap at 5.0
2026-07-30 13:34:12 - INFO - 应用后的权重:
2026-07-30 13:34:12 - INFO -   O: 0.3469x
2026-07-30 13:34:12 - INFO -   COMMA: 1.5631x
2026-07-30 13:34:12 - INFO -   PERIOD: 2.5265x
2026-07-30 13:34:12 - INFO -   DUN: 5.0000x
2026-07-30 13:34:12 - INFO -   COLON: 5.0000x
2026-07-30 13:34:12 - INFO -   QUOTE_LEFT: 5.0000x
2026-07-30 13:34:12 - INFO -   QUOTE_RIGHT: 5.0000x
2026-07-30 13:34:12 - INFO -   BRACKET_LEFT: 5.0000x
2026-07-30 13:34:12 - INFO -   BRACKET_RIGHT: 5.0000x
2026-07-30 13:34:12 - INFO - 
【训练配置】设置训练参数...
2026-07-30 13:34:12 - INFO - Epochs: 5
2026-07-30 13:34:12 - INFO - Learning rate: 1e-05
2026-07-30 13:34:12 - INFO - Batch size (per device): 16
2026-07-30 13:34:12 - INFO - FP16混合精度: True
2026-07-30 13:34:12 - INFO - Weight decay: 0.0
2026-07-30 13:34:12 - INFO - Warmup ratio: None
2026-07-30 13:34:12 - INFO - 设备: cuda
2026-07-30 13:34:12 - INFO - 
================================================================================
2026-07-30 13:34:12 - INFO - 【训练阶段】开始模型训练...
2026-07-30 13:34:12 - INFO - ================================================================================
2026-07-30 13:34:12 - INFO - 从头开始训练
2026-07-30 13:34:22 - INFO -   [训练进度] Step: 100 | Epoch: 0.0178 | Loss: 0.9036 | LR: 9.965e-06 | Grad Norm: 2.4585
2026-07-30 13:34:31 - INFO -   [训练进度] Step: 200 | Epoch: 0.0356 | Loss: 0.5146 | LR: 9.929e-06 | Grad Norm: 3.7882
2026-07-30 13:34:40 - INFO -   [训练进度] Step: 300 | Epoch: 0.0533 | Loss: 0.4341 | LR: 9.894e-06 | Grad Norm: 3.2666
2026-07-30 13:34:49 - INFO -   [训练进度] Step: 400 | Epoch: 0.0711 | Loss: 0.4139 | LR: 9.858e-06 | Grad Norm: 2.8459
2026-07-30 13:34:58 - INFO -   [训练进度] Step: 500 | Epoch: 0.0889 | Loss: 0.3696 | LR: 9.823e-06 | Grad Norm: 3.7006
2026-07-30 13:35:07 - INFO -   [训练进度] Step: 600 | Epoch: 0.1067 | Loss: 0.3583 | LR: 9.787e-06 | Grad Norm: 4.4303
2026-07-30 13:35:15 - INFO -   [训练进度] Step: 700 | Epoch: 0.1245 | Loss: 0.3491 | LR: 9.751e-06 | Grad Norm: 3.0035
2026-07-30 13:35:24 - INFO -   [训练进度] Step: 800 | Epoch: 0.1422 | Loss: 0.3387 | LR: 9.716e-06 | Grad Norm: 3.0586
2026-07-30 13:35:34 - INFO -   [训练进度] Step: 900 | Epoch: 0.16 | Loss: 0.3451 | LR: 9.680e-06 | Grad Norm: 2.5831
2026-07-30 13:35:43 - INFO -   [训练进度] Step: 1000 | Epoch: 0.1778 | Loss: 0.3281 | LR: 9.645e-06 | Grad Norm: 3.2397
2026-07-30 13:35:52 - INFO -   [训练进度] Step: 1100 | Epoch: 0.1956 | Loss: 0.324 | LR: 9.609e-06 | Grad Norm: 4.2305
2026-07-30 13:36:01 - INFO -   [训练进度] Step: 1200 | Epoch: 0.2134 | Loss: 0.3121 | LR: 9.574e-06 | Grad Norm: 3.6005
2026-07-30 13:36:10 - INFO -   [训练进度] Step: 1300 | Epoch: 0.2312 | Loss: 0.3191 | LR: 9.538e-06 | Grad Norm: 3.168
2026-07-30 13:36:20 - INFO -   [训练进度] Step: 1400 | Epoch: 0.2489 | Loss: 0.3207 | LR: 9.502e-06 | Grad Norm: 2.6573
2026-07-30 13:36:29 - INFO -   [训练进度] Step: 1500 | Epoch: 0.2667 | Loss: 0.3178 | LR: 9.467e-06 | Grad Norm: 2.7438
2026-07-30 13:36:39 - INFO -   [训练进度] Step: 1600 | Epoch: 0.2845 | Loss: 0.3086 | LR: 9.431e-06 | Grad Norm: 2.6623
2026-07-30 13:36:48 - INFO -   [训练进度] Step: 1700 | Epoch: 0.3023 | Loss: 0.3081 | LR: 9.396e-06 | Grad Norm: 3.2516
2026-07-30 13:36:57 - INFO -   [训练进度] Step: 1800 | Epoch: 0.3201 | Loss: 0.3116 | LR: 9.360e-06 | Grad Norm: 2.7148
2026-07-30 13:37:06 - INFO -   [训练进度] Step: 1900 | Epoch: 0.3378 | Loss: 0.3057 | LR: 9.325e-06 | Grad Norm: 4.0396
2026-07-30 13:37:15 - INFO -   [训练进度] Step: 2000 | Epoch: 0.3556 | Loss: 0.3029 | LR: 9.289e-06 | Grad Norm: 3.5989
2026-07-30 13:37:24 - INFO -   [训练进度] Step: 2100 | Epoch: 0.3734 | Loss: 0.2937 | LR: 9.254e-06 | Grad Norm: 3.5987
2026-07-30 13:37:33 - INFO -   [训练进度] Step: 2200 | Epoch: 0.3912 | Loss: 0.289 | LR: 9.218e-06 | Grad Norm: 3.3191
2026-07-30 13:37:42 - INFO -   [训练进度] Step: 2300 | Epoch: 0.409 | Loss: 0.2877 | LR: 9.182e-06 | Grad Norm: 2.4844
2026-07-30 13:37:51 - INFO -   [训练进度] Step: 2400 | Epoch: 0.4267 | Loss: 0.3016 | LR: 9.147e-06 | Grad Norm: 4.2836
2026-07-30 13:38:01 - INFO -   [训练进度] Step: 2500 | Epoch: 0.4445 | Loss: 0.2953 | LR: 9.111e-06 | Grad Norm: 2.7773
2026-07-30 13:38:10 - INFO -   [训练进度] Step: 2600 | Epoch: 0.4623 | Loss: 0.2879 | LR: 9.076e-06 | Grad Norm: 3.278
2026-07-30 13:38:20 - INFO -   [训练进度] Step: 2700 | Epoch: 0.4801 | Loss: 0.2838 | LR: 9.040e-06 | Grad Norm: 2.4182
2026-07-30 13:38:29 - INFO -   [训练进度] Step: 2800 | Epoch: 0.4979 | Loss: 0.2915 | LR: 9.005e-06 | Grad Norm: 2.2086
2026-07-30 13:38:38 - INFO -   [训练进度] Step: 2900 | Epoch: 0.5156 | Loss: 0.2828 | LR: 8.969e-06 | Grad Norm: 3.9803
2026-07-30 13:38:48 - INFO -   [训练进度] Step: 3000 | Epoch: 0.5334 | Loss: 0.2837 | LR: 8.933e-06 | Grad Norm: 2.9794
2026-07-30 13:38:57 - INFO -   [训练进度] Step: 3100 | Epoch: 0.5512 | Loss: 0.2827 | LR: 8.898e-06 | Grad Norm: 3.7534
2026-07-30 13:39:06 - INFO -   [训练进度] Step: 3200 | Epoch: 0.569 | Loss: 0.2806 | LR: 8.862e-06 | Grad Norm: 2.5649
2026-07-30 13:39:15 - INFO -   [训练进度] Step: 3300 | Epoch: 0.5868 | Loss: 0.2703 | LR: 8.827e-06 | Grad Norm: 2.7466
2026-07-30 13:39:24 - INFO -   [训练进度] Step: 3400 | Epoch: 0.6046 | Loss: 0.2901 | LR: 8.791e-06 | Grad Norm: 2.2794
2026-07-30 13:39:33 - INFO -   [训练进度] Step: 3500 | Epoch: 0.6223 | Loss: 0.2801 | LR: 8.756e-06 | Grad Norm: 2.5419
2026-07-30 13:39:42 - INFO -   [训练进度] Step: 3600 | Epoch: 0.6401 | Loss: 0.2811 | LR: 8.720e-06 | Grad Norm: 2.7514
2026-07-30 13:39:50 - INFO -   [训练进度] Step: 3700 | Epoch: 0.6579 | Loss: 0.2836 | LR: 8.685e-06 | Grad Norm: 2.1983
2026-07-30 13:39:59 - INFO -   [训练进度] Step: 3800 | Epoch: 0.6757 | Loss: 0.2774 | LR: 8.649e-06 | Grad Norm: 3.9424
2026-07-30 13:40:08 - INFO -   [训练进度] Step: 3900 | Epoch: 0.6935 | Loss: 0.2668 | LR: 8.613e-06 | Grad Norm: 2.5136
2026-07-30 13:40:17 - INFO -   [训练进度] Step: 4000 | Epoch: 0.7112 | Loss: 0.2828 | LR: 8.578e-06 | Grad Norm: 1.9733
2026-07-30 13:40:25 - INFO -   [训练进度] Step: 4100 | Epoch: 0.729 | Loss: 0.2626 | LR: 8.542e-06 | Grad Norm: 2.5476
2026-07-30 13:40:35 - INFO -   [训练进度] Step: 4200 | Epoch: 0.7468 | Loss: 0.2689 | LR: 8.507e-06 | Grad Norm: 4.1705
2026-07-30 13:40:44 - INFO -   [训练进度] Step: 4300 | Epoch: 0.7646 | Loss: 0.2696 | LR: 8.471e-06 | Grad Norm: 2.4399
2026-07-30 13:40:53 - INFO -   [训练进度] Step: 4400 | Epoch: 0.7824 | Loss: 0.2688 | LR: 8.436e-06 | Grad Norm: 2.7688
2026-07-30 13:41:01 - INFO -   [训练进度] Step: 4500 | Epoch: 0.8001 | Loss: 0.2686 | LR: 8.400e-06 | Grad Norm: 3.2718
2026-07-30 13:41:10 - INFO -   [训练进度] Step: 4600 | Epoch: 0.8179 | Loss: 0.2661 | LR: 8.365e-06 | Grad Norm: 3.0839
2026-07-30 13:41:19 - INFO -   [训练进度] Step: 4700 | Epoch: 0.8357 | Loss: 0.2634 | LR: 8.329e-06 | Grad Norm: 3.2533
2026-07-30 13:41:28 - INFO -   [训练进度] Step: 4800 | Epoch: 0.8535 | Loss: 0.2781 | LR: 8.293e-06 | Grad Norm: 2.2309
2026-07-30 13:41:37 - INFO -   [训练进度] Step: 4900 | Epoch: 0.8713 | Loss: 0.2665 | LR: 8.258e-06 | Grad Norm: 2.5365
2026-07-30 13:41:45 - INFO -   [训练进度] Step: 5000 | Epoch: 0.889 | Loss: 0.2726 | LR: 8.222e-06 | Grad Norm: 2.0996
2026-07-30 13:41:54 - INFO -   [训练进度] Step: 5100 | Epoch: 0.9068 | Loss: 0.2615 | LR: 8.187e-06 | Grad Norm: 2.8971
2026-07-30 13:42:03 - INFO -   [训练进度] Step: 5200 | Epoch: 0.9246 | Loss: 0.2593 | LR: 8.151e-06 | Grad Norm: 3.4494
2026-07-30 13:42:12 - INFO -   [训练进度] Step: 5300 | Epoch: 0.9424 | Loss: 0.2703 | LR: 8.116e-06 | Grad Norm: 2.476
2026-07-30 13:42:21 - INFO -   [训练进度] Step: 5400 | Epoch: 0.9602 | Loss: 0.2615 | LR: 8.080e-06 | Grad Norm: 2.7222
2026-07-30 13:42:30 - INFO -   [训练进度] Step: 5500 | Epoch: 0.978 | Loss: 0.2668 | LR: 8.044e-06 | Grad Norm: 2.2992
2026-07-30 13:42:39 - INFO -   [训练进度] Step: 5600 | Epoch: 0.9957 | Loss: 0.2517 | LR: 8.009e-06 | Grad Norm: 2.4903
2026-07-30 13:42:58 - INFO -   [训练进度] Step: 5624 | Epoch: 1.0 | Loss: 0 | LR: 0.000e+00
2026-07-30 13:43:06 - INFO -   [训练进度] Step: 5700 | Epoch: 1.0135 | Loss: 0.2344 | LR: 7.973e-06 | Grad Norm: 3.4287
2026-07-30 13:43:15 - INFO -   [训练进度] Step: 5800 | Epoch: 1.0313 | Loss: 0.2355 | LR: 7.938e-06 | Grad Norm: 2.827
2026-07-30 13:43:24 - INFO -   [训练进度] Step: 5900 | Epoch: 1.0491 | Loss: 0.2429 | LR: 7.902e-06 | Grad Norm: 3.0155
2026-07-30 13:43:32 - INFO -   [训练进度] Step: 6000 | Epoch: 1.0669 | Loss: 0.2454 | LR: 7.867e-06 | Grad Norm: 2.9352
2026-07-30 13:43:41 - INFO -   [训练进度] Step: 6100 | Epoch: 1.0846 | Loss: 0.2426 | LR: 7.831e-06 | Grad Norm: 1.9212
2026-07-30 13:43:50 - INFO -   [训练进度] Step: 6200 | Epoch: 1.1024 | Loss: 0.2331 | LR: 7.796e-06 | Grad Norm: 2.791
2026-07-30 13:43:58 - INFO -   [训练进度] Step: 6300 | Epoch: 1.1202 | Loss: 0.2372 | LR: 7.760e-06 | Grad Norm: 2.6275
2026-07-30 13:44:07 - INFO -   [训练进度] Step: 6400 | Epoch: 1.138 | Loss: 0.2458 | LR: 7.724e-06 | Grad Norm: 3.3674
2026-07-30 13:44:16 - INFO -   [训练进度] Step: 6500 | Epoch: 1.1558 | Loss: 0.2351 | LR: 7.689e-06 | Grad Norm: 1.916
2026-07-30 13:44:25 - INFO -   [训练进度] Step: 6600 | Epoch: 1.1735 | Loss: 0.2382 | LR: 7.653e-06 | Grad Norm: 3.4226
2026-07-30 13:44:33 - INFO -   [训练进度] Step: 6700 | Epoch: 1.1913 | Loss: 0.2348 | LR: 7.618e-06 | Grad Norm: 1.9454
2026-07-30 13:44:42 - INFO -   [训练进度] Step: 6800 | Epoch: 1.2091 | Loss: 0.2277 | LR: 7.582e-06 | Grad Norm: 3.5653
2026-07-30 13:44:51 - INFO -   [训练进度] Step: 6900 | Epoch: 1.2269 | Loss: 0.2328 | LR: 7.547e-06 | Grad Norm: 3.3015
2026-07-30 13:45:00 - INFO -   [训练进度] Step: 7000 | Epoch: 1.2447 | Loss: 0.2393 | LR: 7.511e-06 | Grad Norm: 1.7629
2026-07-30 13:45:08 - INFO -   [训练进度] Step: 7100 | Epoch: 1.2624 | Loss: 0.2337 | LR: 7.475e-06 | Grad Norm: 2.6487
2026-07-30 13:45:17 - INFO -   [训练进度] Step: 7200 | Epoch: 1.2802 | Loss: 0.2419 | LR: 7.440e-06 | Grad Norm: 3.4293
2026-07-30 13:45:26 - INFO -   [训练进度] Step: 7300 | Epoch: 1.298 | Loss: 0.2386 | LR: 7.404e-06 | Grad Norm: 2.8783
2026-07-30 13:45:35 - INFO -   [训练进度] Step: 7400 | Epoch: 1.3158 | Loss: 0.2289 | LR: 7.369e-06 | Grad Norm: 1.9091
2026-07-30 13:45:43 - INFO -   [训练进度] Step: 7500 | Epoch: 1.3336 | Loss: 0.2335 | LR: 7.333e-06 | Grad Norm: 2.3714
2026-07-30 13:45:52 - INFO -   [训练进度] Step: 7600 | Epoch: 1.3514 | Loss: 0.2336 | LR: 7.298e-06 | Grad Norm: 1.6468
2026-07-30 13:46:01 - INFO -   [训练进度] Step: 7700 | Epoch: 1.3691 | Loss: 0.2321 | LR: 7.262e-06 | Grad Norm: 2.0069
2026-07-30 13:46:10 - INFO -   [训练进度] Step: 7800 | Epoch: 1.3869 | Loss: 0.233 | LR: 7.227e-06 | Grad Norm: 1.8302
2026-07-30 13:46:19 - INFO -   [训练进度] Step: 7900 | Epoch: 1.4047 | Loss: 0.239 | LR: 7.191e-06 | Grad Norm: 2.8006
2026-07-30 13:46:28 - INFO -   [训练进度] Step: 8000 | Epoch: 1.4225 | Loss: 0.2329 | LR: 7.155e-06 | Grad Norm: 2.505
2026-07-30 13:46:36 - INFO -   [训练进度] Step: 8100 | Epoch: 1.4403 | Loss: 0.233 | LR: 7.120e-06 | Grad Norm: 2.2628
2026-07-30 13:46:45 - INFO -   [训练进度] Step: 8200 | Epoch: 1.458 | Loss: 0.2273 | LR: 7.084e-06 | Grad Norm: 3.1194
2026-07-30 13:46:54 - INFO -   [训练进度] Step: 8300 | Epoch: 1.4758 | Loss: 0.2367 | LR: 7.049e-06 | Grad Norm: 3.1979
2026-07-30 13:47:03 - INFO -   [训练进度] Step: 8400 | Epoch: 1.4936 | Loss: 0.2333 | LR: 7.013e-06 | Grad Norm: 2.1872
2026-07-30 13:47:11 - INFO -   [训练进度] Step: 8500 | Epoch: 1.5114 | Loss: 0.2349 | LR: 6.978e-06 | Grad Norm: 2.1273
2026-07-30 13:47:20 - INFO -   [训练进度] Step: 8600 | Epoch: 1.5292 | Loss: 0.2288 | LR: 6.942e-06 | Grad Norm: 1.9829
2026-07-30 13:47:29 - INFO -   [训练进度] Step: 8700 | Epoch: 1.5469 | Loss: 0.2345 | LR: 6.906e-06 | Grad Norm: 3.2674
2026-07-30 13:47:38 - INFO -   [训练进度] Step: 8800 | Epoch: 1.5647 | Loss: 0.232 | LR: 6.871e-06 | Grad Norm: 2.4753
2026-07-30 13:47:46 - INFO -   [训练进度] Step: 8900 | Epoch: 1.5825 | Loss: 0.2346 | LR: 6.835e-06 | Grad Norm: 2.1041
2026-07-30 13:47:56 - INFO -   [训练进度] Step: 9000 | Epoch: 1.6003 | Loss: 0.2227 | LR: 6.800e-06 | Grad Norm: 2.8739
2026-07-30 13:48:04 - INFO -   [训练进度] Step: 9100 | Epoch: 1.6181 | Loss: 0.2289 | LR: 6.764e-06 | Grad Norm: 2.6722
2026-07-30 13:48:13 - INFO -   [训练进度] Step: 9200 | Epoch: 1.6358 | Loss: 0.2257 | LR: 6.729e-06 | Grad Norm: 1.8203
2026-07-30 13:48:22 - INFO -   [训练进度] Step: 9300 | Epoch: 1.6536 | Loss: 0.225 | LR: 6.693e-06 | Grad Norm: 1.8301
2026-07-30 13:48:31 - INFO -   [训练进度] Step: 9400 | Epoch: 1.6714 | Loss: 0.2287 | LR: 6.658e-06 | Grad Norm: 1.915
2026-07-30 13:48:40 - INFO -   [训练进度] Step: 9500 | Epoch: 1.6892 | Loss: 0.2354 | LR: 6.622e-06 | Grad Norm: 2.5663
2026-07-30 13:48:48 - INFO -   [训练进度] Step: 9600 | Epoch: 1.707 | Loss: 0.239 | LR: 6.586e-06 | Grad Norm: 2.1592
2026-07-30 13:48:57 - INFO -   [训练进度] Step: 9700 | Epoch: 1.7248 | Loss: 0.2328 | LR: 6.551e-06 | Grad Norm: 2.9811
2026-07-30 13:49:06 - INFO -   [训练进度] Step: 9800 | Epoch: 1.7425 | Loss: 0.2371 | LR: 6.515e-06 | Grad Norm: 3.618
2026-07-30 13:49:15 - INFO -   [训练进度] Step: 9900 | Epoch: 1.7603 | Loss: 0.2336 | LR: 6.480e-06 | Grad Norm: 2.3139
2026-07-30 13:49:23 - INFO -   [训练进度] Step: 10000 | Epoch: 1.7781 | Loss: 0.2279 | LR: 6.444e-06 | Grad Norm: 2.0141
2026-07-30 13:49:32 - INFO -   [训练进度] Step: 10100 | Epoch: 1.7959 | Loss: 0.2198 | LR: 6.409e-06 | Grad Norm: 2.3545
2026-07-30 13:49:41 - INFO -   [训练进度] Step: 10200 | Epoch: 1.8137 | Loss: 0.2254 | LR: 6.373e-06 | Grad Norm: 2.8187
2026-07-30 13:49:50 - INFO -   [训练进度] Step: 10300 | Epoch: 1.8314 | Loss: 0.2353 | LR: 6.337e-06 | Grad Norm: 2.6279
2026-07-30 13:49:58 - INFO -   [训练进度] Step: 10400 | Epoch: 1.8492 | Loss: 0.2299 | LR: 6.302e-06 | Grad Norm: 1.7522
2026-07-30 13:50:08 - INFO -   [训练进度] Step: 10500 | Epoch: 1.867 | Loss: 0.2351 | LR: 6.266e-06 | Grad Norm: 1.4608
2026-07-30 13:50:17 - INFO -   [训练进度] Step: 10600 | Epoch: 1.8848 | Loss: 0.2369 | LR: 6.231e-06 | Grad Norm: 4.2125
2026-07-30 13:50:25 - INFO -   [训练进度] Step: 10700 | Epoch: 1.9026 | Loss: 0.2378 | LR: 6.195e-06 | Grad Norm: 2.5935
2026-07-30 13:50:34 - INFO -   [训练进度] Step: 10800 | Epoch: 1.9203 | Loss: 0.2366 | LR: 6.160e-06 | Grad Norm: 1.9283
2026-07-30 13:50:43 - INFO -   [训练进度] Step: 10900 | Epoch: 1.9381 | Loss: 0.2358 | LR: 6.124e-06 | Grad Norm: 2.6813
2026-07-30 13:50:52 - INFO -   [训练进度] Step: 11000 | Epoch: 1.9559 | Loss: 0.2439 | LR: 6.089e-06 | Grad Norm: 3.4635
2026-07-30 13:51:00 - INFO -   [训练进度] Step: 11100 | Epoch: 1.9737 | Loss: 0.2349 | LR: 6.053e-06 | Grad Norm: 2.4256
2026-07-30 13:51:09 - INFO -   [训练进度] Step: 11200 | Epoch: 1.9915 | Loss: 0.2236 | LR: 6.017e-06 | Grad Norm: 4.0901
2026-07-30 13:51:30 - INFO -   [训练进度] Step: 11248 | Epoch: 2.0 | Loss: 0 | LR: 0.000e+00
2026-07-30 13:51:36 - INFO -   [训练进度] Step: 11300 | Epoch: 2.0092 | Loss: 0.2107 | LR: 5.982e-06 | Grad Norm: 2.897
2026-07-30 13:51:44 - INFO -   [训练进度] Step: 11400 | Epoch: 2.027 | Loss: 0.2104 | LR: 5.946e-06 | Grad Norm: 1.9565
2026-07-30 13:51:53 - INFO -   [训练进度] Step: 11500 | Epoch: 2.0448 | Loss: 0.2105 | LR: 5.911e-06 | Grad Norm: 4.6265
2026-07-30 13:52:02 - INFO -   [训练进度] Step: 11600 | Epoch: 2.0626 | Loss: 0.2054 | LR: 5.875e-06 | Grad Norm: 2.6051
2026-07-30 13:52:10 - INFO -   [训练进度] Step: 11700 | Epoch: 2.0804 | Loss: 0.1981 | LR: 5.840e-06 | Grad Norm: 2.7044
2026-07-30 13:52:19 - INFO -   [训练进度] Step: 11800 | Epoch: 2.0982 | Loss: 0.2052 | LR: 5.804e-06 | Grad Norm: 2.211
2026-07-30 13:52:28 - INFO -   [训练进度] Step: 11900 | Epoch: 2.1159 | Loss: 0.2095 | LR: 5.768e-06 | Grad Norm: 2.1062
2026-07-30 13:52:37 - INFO -   [训练进度] Step: 12000 | Epoch: 2.1337 | Loss: 0.2092 | LR: 5.733e-06 | Grad Norm: 1.8155
2026-07-30 13:52:45 - INFO -   [训练进度] Step: 12100 | Epoch: 2.1515 | Loss: 0.2213 | LR: 5.697e-06 | Grad Norm: 1.8539
2026-07-30 13:52:54 - INFO -   [训练进度] Step: 12200 | Epoch: 2.1693 | Loss: 0.2064 | LR: 5.662e-06 | Grad Norm: 3.7317
2026-07-30 13:53:03 - INFO -   [训练进度] Step: 12300 | Epoch: 2.1871 | Loss: 0.2027 | LR: 5.626e-06 | Grad Norm: 2.3596
2026-07-30 13:53:11 - INFO -   [训练进度] Step: 12400 | Epoch: 2.2048 | Loss: 0.2045 | LR: 5.591e-06 | Grad Norm: 3.1867
2026-07-30 13:53:20 - INFO -   [训练进度] Step: 12500 | Epoch: 2.2226 | Loss: 0.2008 | LR: 5.555e-06 | Grad Norm: 2.3157
2026-07-30 13:53:29 - INFO -   [训练进度] Step: 12600 | Epoch: 2.2404 | Loss: 0.1938 | LR: 5.520e-06 | Grad Norm: 1.9211
2026-07-30 13:53:38 - INFO -   [训练进度] Step: 12700 | Epoch: 2.2582 | Loss: 0.207 | LR: 5.484e-06 | Grad Norm: 2.194
2026-07-30 13:53:46 - INFO -   [训练进度] Step: 12800 | Epoch: 2.276 | Loss: 0.2 | LR: 5.448e-06 | Grad Norm: 2.5267
2026-07-30 13:53:55 - INFO -   [训练进度] Step: 12900 | Epoch: 2.2937 | Loss: 0.2075 | LR: 5.413e-06 | Grad Norm: 2.0801
2026-07-30 13:54:04 - INFO -   [训练进度] Step: 13000 | Epoch: 2.3115 | Loss: 0.2047 | LR: 5.377e-06 | Grad Norm: 2.011
2026-07-30 13:54:12 - INFO -   [训练进度] Step: 13100 | Epoch: 2.3293 | Loss: 0.2065 | LR: 5.342e-06 | Grad Norm: 3.0027
2026-07-30 13:54:21 - INFO -   [训练进度] Step: 13200 | Epoch: 2.3471 | Loss: 0.2088 | LR: 5.306e-06 | Grad Norm: 3.2989
2026-07-30 13:54:30 - INFO -   [训练进度] Step: 13300 | Epoch: 2.3649 | Loss: 0.1994 | LR: 5.271e-06 | Grad Norm: 2.8521
2026-07-30 13:54:39 - INFO -   [训练进度] Step: 13400 | Epoch: 2.3826 | Loss: 0.2177 | LR: 5.235e-06 | Grad Norm: 3.7268
2026-07-30 13:54:48 - INFO -   [训练进度] Step: 13500 | Epoch: 2.4004 | Loss: 0.2048 | LR: 5.200e-06 | Grad Norm: 2.6949
2026-07-30 13:54:57 - INFO -   [训练进度] Step: 13600 | Epoch: 2.4182 | Loss: 0.2047 | LR: 5.164e-06 | Grad Norm: 3.3728
2026-07-30 13:55:08 - INFO -   [训练进度] Step: 13700 | Epoch: 2.436 | Loss: 0.2035 | LR: 5.128e-06 | Grad Norm: 2.8339
2026-07-30 13:55:17 - INFO -   [训练进度] Step: 13800 | Epoch: 2.4538 | Loss: 0.2034 | LR: 5.093e-06 | Grad Norm: 2.4221
2026-07-30 13:55:26 - INFO -   [训练进度] Step: 13900 | Epoch: 2.4716 | Loss: 0.2096 | LR: 5.057e-06 | Grad Norm: 2.4002
2026-07-30 13:55:36 - INFO -   [训练进度] Step: 14000 | Epoch: 2.4893 | Loss: 0.2092 | LR: 5.022e-06 | Grad Norm: 1.7656
2026-07-30 13:55:45 - INFO -   [训练进度] Step: 14100 | Epoch: 2.5071 | Loss: 0.209 | LR: 4.986e-06 | Grad Norm: 2.8604
2026-07-30 13:55:55 - INFO -   [训练进度] Step: 14200 | Epoch: 2.5249 | Loss: 0.1961 | LR: 4.951e-06 | Grad Norm: 3.0138
2026-07-30 13:56:04 - INFO -   [训练进度] Step: 14300 | Epoch: 2.5427 | Loss: 0.213 | LR: 4.915e-06 | Grad Norm: 1.3536
2026-07-30 13:56:13 - INFO -   [训练进度] Step: 14400 | Epoch: 2.5605 | Loss: 0.2002 | LR: 4.879e-06 | Grad Norm: 3.0296
2026-07-30 13:56:22 - INFO -   [训练进度] Step: 14500 | Epoch: 2.5782 | Loss: 0.2058 | LR: 4.844e-06 | Grad Norm: 2.5849
2026-07-30 13:56:31 - INFO -   [训练进度] Step: 14600 | Epoch: 2.596 | Loss: 0.2007 | LR: 4.808e-06 | Grad Norm: 2.1916
2026-07-30 13:56:40 - INFO -   [训练进度] Step: 14700 | Epoch: 2.6138 | Loss: 0.1977 | LR: 4.773e-06 | Grad Norm: 2.4183
2026-07-30 13:56:49 - INFO -   [训练进度] Step: 14800 | Epoch: 2.6316 | Loss: 0.2099 | LR: 4.737e-06 | Grad Norm: 3.4096
2026-07-30 13:56:58 - INFO -   [训练进度] Step: 14900 | Epoch: 2.6494 | Loss: 0.202 | LR: 4.702e-06 | Grad Norm: 2.2376
2026-07-30 13:57:07 - INFO -   [训练进度] Step: 15000 | Epoch: 2.6671 | Loss: 0.2022 | LR: 4.666e-06 | Grad Norm: 2.4403
2026-07-30 13:57:16 - INFO -   [训练进度] Step: 15100 | Epoch: 2.6849 | Loss: 0.2045 | LR: 4.631e-06 | Grad Norm: 2.4413
2026-07-30 13:57:30 - INFO -   [训练进度] Step: 15200 | Epoch: 2.7027 | Loss: 0.1935 | LR: 4.595e-06 | Grad Norm: 2.697
2026-07-30 13:57:38 - INFO -   [训练进度] Step: 15300 | Epoch: 2.7205 | Loss: 0.2009 | LR: 4.559e-06 | Grad Norm: 4.6981
2026-07-30 13:57:47 - INFO -   [训练进度] Step: 15400 | Epoch: 2.7383 | Loss: 0.2078 | LR: 4.524e-06 | Grad Norm: 3.7281
2026-07-30 13:57:56 - INFO -   [训练进度] Step: 15500 | Epoch: 2.756 | Loss: 0.2107 | LR: 4.488e-06 | Grad Norm: 1.7982
2026-07-30 13:58:05 - INFO -   [训练进度] Step: 15600 | Epoch: 2.7738 | Loss: 0.1957 | LR: 4.453e-06 | Grad Norm: 2.2321
2026-07-30 13:58:14 - INFO -   [训练进度] Step: 15700 | Epoch: 2.7916 | Loss: 0.2037 | LR: 4.417e-06 | Grad Norm: 3.1905
2026-07-30 13:58:24 - INFO -   [训练进度] Step: 15800 | Epoch: 2.8094 | Loss: 0.2073 | LR: 4.382e-06 | Grad Norm: 3.0763
2026-07-30 13:58:34 - INFO -   [训练进度] Step: 15900 | Epoch: 2.8272 | Loss: 0.2058 | LR: 4.346e-06 | Grad Norm: 3.7127
2026-07-30 13:58:44 - INFO -   [训练进度] Step: 16000 | Epoch: 2.845 | Loss: 0.1969 | LR: 4.310e-06 | Grad Norm: 2.9438
2026-07-30 13:58:53 - INFO -   [训练进度] Step: 16100 | Epoch: 2.8627 | Loss: 0.2055 | LR: 4.275e-06 | Grad Norm: 2.1893
2026-07-30 13:59:02 - INFO -   [训练进度] Step: 16200 | Epoch: 2.8805 | Loss: 0.1999 | LR: 4.239e-06 | Grad Norm: 4.4415
2026-07-30 13:59:11 - INFO -   [训练进度] Step: 16300 | Epoch: 2.8983 | Loss: 0.2059 | LR: 4.204e-06 | Grad Norm: 2.1818
2026-07-30 13:59:19 - INFO -   [训练进度] Step: 16400 | Epoch: 2.9161 | Loss: 0.1946 | LR: 4.168e-06 | Grad Norm: 2.0751
2026-07-30 13:59:28 - INFO -   [训练进度] Step: 16500 | Epoch: 2.9339 | Loss: 0.2071 | LR: 4.133e-06 | Grad Norm: 1.9066
2026-07-30 13:59:37 - INFO -   [训练进度] Step: 16600 | Epoch: 2.9516 | Loss: 0.2037 | LR: 4.097e-06 | Grad Norm: 2.224
2026-07-30 13:59:46 - INFO -   [训练进度] Step: 16700 | Epoch: 2.9694 | Loss: 0.1989 | LR: 4.062e-06 | Grad Norm: 3.4385
2026-07-30 13:59:55 - INFO -   [训练进度] Step: 16800 | Epoch: 2.9872 | Loss: 0.2093 | LR: 4.026e-06 | Grad Norm: 1.9922
2026-07-30 14:00:18 - INFO -   [训练进度] Step: 16872 | Epoch: 3.0 | Loss: 0 | LR: 0.000e+00
2026-07-30 14:00:22 - INFO -   [训练进度] Step: 16900 | Epoch: 3.005 | Loss: 0.1938 | LR: 3.990e-06 | Grad Norm: 1.6866
2026-07-30 14:00:31 - INFO -   [训练进度] Step: 17000 | Epoch: 3.0228 | Loss: 0.1837 | LR: 3.955e-06 | Grad Norm: 1.4757
2026-07-30 14:00:40 - INFO -   [训练进度] Step: 17100 | Epoch: 3.0405 | Loss: 0.1865 | LR: 3.919e-06 | Grad Norm: 2.5542
2026-07-30 14:00:49 - INFO -   [训练进度] Step: 17200 | Epoch: 3.0583 | Loss: 0.1897 | LR: 3.884e-06 | Grad Norm: 2.5101
2026-07-30 14:00:57 - INFO -   [训练进度] Step: 17300 | Epoch: 3.0761 | Loss: 0.1902 | LR: 3.848e-06 | Grad Norm: 3.0215
2026-07-30 14:01:06 - INFO -   [训练进度] Step: 17400 | Epoch: 3.0939 | Loss: 0.1785 | LR: 3.813e-06 | Grad Norm: 2.2675
2026-07-30 14:01:15 - INFO -   [训练进度] Step: 17500 | Epoch: 3.1117 | Loss: 0.1871 | LR: 3.777e-06 | Grad Norm: 2.7942
2026-07-30 14:01:24 - INFO -   [训练进度] Step: 17600 | Epoch: 3.1294 | Loss: 0.1853 | LR: 3.741e-06 | Grad Norm: 2.2203
2026-07-30 14:01:33 - INFO -   [训练进度] Step: 17700 | Epoch: 3.1472 | Loss: 0.1877 | LR: 3.706e-06 | Grad Norm: 1.5402
2026-07-30 14:01:41 - INFO -   [训练进度] Step: 17800 | Epoch: 3.165 | Loss: 0.1866 | LR: 3.670e-06 | Grad Norm: 3.0518
2026-07-30 14:01:50 - INFO -   [训练进度] Step: 17900 | Epoch: 3.1828 | Loss: 0.1876 | LR: 3.635e-06 | Grad Norm: 2.9235
2026-07-30 14:01:59 - INFO -   [训练进度] Step: 18000 | Epoch: 3.2006 | Loss: 0.1815 | LR: 3.599e-06 | Grad Norm: 2.3562
2026-07-30 14:02:07 - INFO -   [训练进度] Step: 18100 | Epoch: 3.2183 | Loss: 0.1841 | LR: 3.564e-06 | Grad Norm: 2.3027
2026-07-30 14:02:16 - INFO -   [训练进度] Step: 18200 | Epoch: 3.2361 | Loss: 0.1837 | LR: 3.528e-06 | Grad Norm: 5.2004
2026-07-30 14:02:25 - INFO -   [训练进度] Step: 18300 | Epoch: 3.2539 | Loss: 0.1853 | LR: 3.493e-06 | Grad Norm: 2.4714
2026-07-30 14:02:34 - INFO -   [训练进度] Step: 18400 | Epoch: 3.2717 | Loss: 0.1904 | LR: 3.457e-06 | Grad Norm: 3.6051
2026-07-30 14:02:43 - INFO -   [训练进度] Step: 18500 | Epoch: 3.2895 | Loss: 0.1888 | LR: 3.421e-06 | Grad Norm: 2.5326
2026-07-30 14:02:52 - INFO -   [训练进度] Step: 18600 | Epoch: 3.3073 | Loss: 0.1816 | LR: 3.386e-06 | Grad Norm: 3.9162
2026-07-30 14:03:00 - INFO -   [训练进度] Step: 18700 | Epoch: 3.325 | Loss: 0.1926 | LR: 3.350e-06 | Grad Norm: 1.8426
2026-07-30 14:03:09 - INFO -   [训练进度] Step: 18800 | Epoch: 3.3428 | Loss: 0.1844 | LR: 3.315e-06 | Grad Norm: 2.2047
2026-07-30 14:03:18 - INFO -   [训练进度] Step: 18900 | Epoch: 3.3606 | Loss: 0.1848 | LR: 3.279e-06 | Grad Norm: 2.3405
2026-07-30 14:03:27 - INFO -   [训练进度] Step: 19000 | Epoch: 3.3784 | Loss: 0.1849 | LR: 3.244e-06 | Grad Norm: 2.982
2026-07-30 14:03:36 - INFO -   [训练进度] Step: 19100 | Epoch: 3.3962 | Loss: 0.1826 | LR: 3.208e-06 | Grad Norm: 3.5972
2026-07-30 14:03:44 - INFO -   [训练进度] Step: 19200 | Epoch: 3.4139 | Loss: 0.1867 | LR: 3.172e-06 | Grad Norm: 1.9932
2026-07-30 14:03:53 - INFO -   [训练进度] Step: 19300 | Epoch: 3.4317 | Loss: 0.1909 | LR: 3.137e-06 | Grad Norm: 3.3501
2026-07-30 14:04:02 - INFO -   [训练进度] Step: 19400 | Epoch: 3.4495 | Loss: 0.1833 | LR: 3.101e-06 | Grad Norm: 3.0249
2026-07-30 14:04:11 - INFO -   [训练进度] Step: 19500 | Epoch: 3.4673 | Loss: 0.1915 | LR: 3.066e-06 | Grad Norm: 2.2857
2026-07-30 14:04:20 - INFO -   [训练进度] Step: 19600 | Epoch: 3.4851 | Loss: 0.1841 | LR: 3.030e-06 | Grad Norm: 2.8315
2026-07-30 14:04:29 - INFO -   [训练进度] Step: 19700 | Epoch: 3.5028 | Loss: 0.1808 | LR: 2.995e-06 | Grad Norm: 2.1656
2026-07-30 14:04:38 - INFO -   [训练进度] Step: 19800 | Epoch: 3.5206 | Loss: 0.1815 | LR: 2.959e-06 | Grad Norm: 2.2752
2026-07-30 14:04:47 - INFO -   [训练进度] Step: 19900 | Epoch: 3.5384 | Loss: 0.1829 | LR: 2.924e-06 | Grad Norm: 2.9078
2026-07-30 14:04:56 - INFO -   [训练进度] Step: 20000 | Epoch: 3.5562 | Loss: 0.1824 | LR: 2.888e-06 | Grad Norm: 2.3066
2026-07-30 14:05:05 - INFO -   [训练进度] Step: 20100 | Epoch: 3.574 | Loss: 0.1929 | LR: 2.852e-06 | Grad Norm: 3.4701
2026-07-30 14:05:14 - INFO -   [训练进度] Step: 20200 | Epoch: 3.5917 | Loss: 0.1834 | LR: 2.817e-06 | Grad Norm: 2.9069
2026-07-30 14:05:23 - INFO -   [训练进度] Step: 20300 | Epoch: 3.6095 | Loss: 0.1858 | LR: 2.781e-06 | Grad Norm: 2.319
2026-07-30 14:05:32 - INFO -   [训练进度] Step: 20400 | Epoch: 3.6273 | Loss: 0.1903 | LR: 2.746e-06 | Grad Norm: 2.7147
2026-07-30 14:05:41 - INFO -   [训练进度] Step: 20500 | Epoch: 3.6451 | Loss: 0.1841 | LR: 2.710e-06 | Grad Norm: 3.2638
2026-07-30 14:05:50 - INFO -   [训练进度] Step: 20600 | Epoch: 3.6629 | Loss: 0.1826 | LR: 2.675e-06 | Grad Norm: 3.0149
2026-07-30 14:05:59 - INFO -   [训练进度] Step: 20700 | Epoch: 3.6807 | Loss: 0.1833 | LR: 2.639e-06 | Grad Norm: 5.3901
2026-07-30 14:06:08 - INFO -   [训练进度] Step: 20800 | Epoch: 3.6984 | Loss: 0.1864 | LR: 2.603e-06 | Grad Norm: 3.664
2026-07-30 14:06:17 - INFO -   [训练进度] Step: 20900 | Epoch: 3.7162 | Loss: 0.1852 | LR: 2.568e-06 | Grad Norm: 2.2608
2026-07-30 14:06:26 - INFO -   [训练进度] Step: 21000 | Epoch: 3.734 | Loss: 0.1794 | LR: 2.532e-06 | Grad Norm: 3.4543
2026-07-30 14:06:36 - INFO -   [训练进度] Step: 21100 | Epoch: 3.7518 | Loss: 0.181 | LR: 2.497e-06 | Grad Norm: 2.9593
2026-07-30 14:06:45 - INFO -   [训练进度] Step: 21200 | Epoch: 3.7696 | Loss: 0.1923 | LR: 2.461e-06 | Grad Norm: 4.0074
2026-07-30 14:06:54 - INFO -   [训练进度] Step: 21300 | Epoch: 3.7873 | Loss: 0.1878 | LR: 2.426e-06 | Grad Norm: 2.2764
2026-07-30 14:07:03 - INFO -   [训练进度] Step: 21400 | Epoch: 3.8051 | Loss: 0.1757 | LR: 2.390e-06 | Grad Norm: 3.3539
2026-07-30 14:07:13 - INFO -   [训练进度] Step: 21500 | Epoch: 3.8229 | Loss: 0.1847 | LR: 2.355e-06 | Grad Norm: 3.6564
2026-07-30 14:07:22 - INFO -   [训练进度] Step: 21600 | Epoch: 3.8407 | Loss: 0.1832 | LR: 2.319e-06 | Grad Norm: 2.1571
2026-07-30 14:07:32 - INFO -   [训练进度] Step: 21700 | Epoch: 3.8585 | Loss: 0.1921 | LR: 2.283e-06 | Grad Norm: 2.114
2026-07-30 14:07:41 - INFO -   [训练进度] Step: 21800 | Epoch: 3.8762 | Loss: 0.184 | LR: 2.248e-06 | Grad Norm: 4.0676
2026-07-30 14:07:50 - INFO -   [训练进度] Step: 21900 | Epoch: 3.894 | Loss: 0.183 | LR: 2.212e-06 | Grad Norm: 1.4396
2026-07-30 14:07:59 - INFO -   [训练进度] Step: 22000 | Epoch: 3.9118 | Loss: 0.1791 | LR: 2.177e-06 | Grad Norm: 2.3991
2026-07-30 14:08:08 - INFO -   [训练进度] Step: 22100 | Epoch: 3.9296 | Loss: 0.1828 | LR: 2.141e-06 | Grad Norm: 2.3156
2026-07-30 14:08:17 - INFO -   [训练进度] Step: 22200 | Epoch: 3.9474 | Loss: 0.1798 | LR: 2.106e-06 | Grad Norm: 1.6004
2026-07-30 14:08:26 - INFO -   [训练进度] Step: 22300 | Epoch: 3.9651 | Loss: 0.1829 | LR: 2.070e-06 | Grad Norm: 2.6284
2026-07-30 14:08:35 - INFO -   [训练进度] Step: 22400 | Epoch: 3.9829 | Loss: 0.1799 | LR: 2.034e-06 | Grad Norm: 1.7908
2026-07-30 14:09:03 - INFO -   [训练进度] Step: 22496 | Epoch: 4.0 | Loss: 0 | LR: 0.000e+00
2026-07-30 14:09:05 - INFO -   [训练进度] Step: 22500 | Epoch: 4.0007 | Loss: 0.1822 | LR: 1.999e-06 | Grad Norm: 1.2355
2026-07-30 14:09:14 - INFO -   [训练进度] Step: 22600 | Epoch: 4.0185 | Loss: 0.1637 | LR: 1.963e-06 | Grad Norm: 1.5703
2026-07-30 14:09:23 - INFO -   [训练进度] Step: 22700 | Epoch: 4.0363 | Loss: 0.1749 | LR: 1.928e-06 | Grad Norm: 3.5296
2026-07-30 14:09:32 - INFO -   [训练进度] Step: 22800 | Epoch: 4.0541 | Loss: 0.1728 | LR: 1.892e-06 | Grad Norm: 2.1252
2026-07-30 14:09:41 - INFO -   [训练进度] Step: 22900 | Epoch: 4.0718 | Loss: 0.1769 | LR: 1.857e-06 | Grad Norm: 2.0534
2026-07-30 14:09:50 - INFO -   [训练进度] Step: 23000 | Epoch: 4.0896 | Loss: 0.1735 | LR: 1.821e-06 | Grad Norm: 1.5153
2026-07-30 14:09:59 - INFO -   [训练进度] Step: 23100 | Epoch: 4.1074 | Loss: 0.1669 | LR: 1.786e-06 | Grad Norm: 5.1325
2026-07-30 14:10:08 - INFO -   [训练进度] Step: 23200 | Epoch: 4.1252 | Loss: 0.1708 | LR: 1.750e-06 | Grad Norm: 2.1453
2026-07-30 14:10:17 - INFO -   [训练进度] Step: 23300 | Epoch: 4.143 | Loss: 0.1754 | LR: 1.714e-06 | Grad Norm: 2.7555
2026-07-30 14:10:26 - INFO -   [训练进度] Step: 23400 | Epoch: 4.1607 | Loss: 0.172 | LR: 1.679e-06 | Grad Norm: 3.5401
2026-07-30 14:10:35 - INFO -   [训练进度] Step: 23500 | Epoch: 4.1785 | Loss: 0.1673 | LR: 1.643e-06 | Grad Norm: 3.2742
2026-07-30 14:10:44 - INFO -   [训练进度] Step: 23600 | Epoch: 4.1963 | Loss: 0.172 | LR: 1.608e-06 | Grad Norm: 3.2237
2026-07-30 14:10:53 - INFO -   [训练进度] Step: 23700 | Epoch: 4.2141 | Loss: 0.1727 | LR: 1.572e-06 | Grad Norm: 2.9818
2026-07-30 14:11:03 - INFO -   [训练进度] Step: 23800 | Epoch: 4.2319 | Loss: 0.1696 | LR: 1.537e-06 | Grad Norm: 2.7464
2026-07-30 14:11:13 - INFO -   [训练进度] Step: 23900 | Epoch: 4.2496 | Loss: 0.1685 | LR: 1.501e-06 | Grad Norm: 2.7691
2026-07-30 14:11:22 - INFO -   [训练进度] Step: 24000 | Epoch: 4.2674 | Loss: 0.1692 | LR: 1.466e-06 | Grad Norm: 2.0145
2026-07-30 14:11:32 - INFO -   [训练进度] Step: 24100 | Epoch: 4.2852 | Loss: 0.1699 | LR: 1.430e-06 | Grad Norm: 2.4402
2026-07-30 14:11:41 - INFO -   [训练进度] Step: 24200 | Epoch: 4.303 | Loss: 0.1758 | LR: 1.394e-06 | Grad Norm: 3.4964
2026-07-30 14:11:50 - INFO -   [训练进度] Step: 24300 | Epoch: 4.3208 | Loss: 0.1664 | LR: 1.359e-06 | Grad Norm: 2.5332
2026-07-30 14:11:59 - INFO -   [训练进度] Step: 24400 | Epoch: 4.3385 | Loss: 0.1743 | LR: 1.323e-06 | Grad Norm: 3.2282
2026-07-30 14:12:09 - INFO -   [训练进度] Step: 24500 | Epoch: 4.3563 | Loss: 0.1703 | LR: 1.288e-06 | Grad Norm: 1.579
2026-07-30 14:12:18 - INFO -   [训练进度] Step: 24600 | Epoch: 4.3741 | Loss: 0.1727 | LR: 1.252e-06 | Grad Norm: 2.6312
2026-07-30 14:12:27 - INFO -   [训练进度] Step: 24700 | Epoch: 4.3919 | Loss: 0.1693 | LR: 1.217e-06 | Grad Norm: 1.7856
2026-07-30 14:12:37 - INFO -   [训练进度] Step: 24800 | Epoch: 4.4097 | Loss: 0.1643 | LR: 1.181e-06 | Grad Norm: 4.956
2026-07-30 14:12:47 - INFO -   [训练进度] Step: 24900 | Epoch: 4.4275 | Loss: 0.175 | LR: 1.145e-06 | Grad Norm: 2.2742
2026-07-30 14:12:57 - INFO -   [训练进度] Step: 25000 | Epoch: 4.4452 | Loss: 0.1706 | LR: 1.110e-06 | Grad Norm: 3.4135
2026-07-30 14:13:06 - INFO -   [训练进度] Step: 25100 | Epoch: 4.463 | Loss: 0.1768 | LR: 1.074e-06 | Grad Norm: 2.4214
2026-07-30 14:13:16 - INFO -   [训练进度] Step: 25200 | Epoch: 4.4808 | Loss: 0.1774 | LR: 1.039e-06 | Grad Norm: 3.1712
2026-07-30 14:13:26 - INFO -   [训练进度] Step: 25300 | Epoch: 4.4986 | Loss: 0.1714 | LR: 1.003e-06 | Grad Norm: 2.7161
2026-07-30 14:13:35 - INFO -   [训练进度] Step: 25400 | Epoch: 4.5164 | Loss: 0.1761 | LR: 9.676e-07 | Grad Norm: 3.3637
2026-07-30 14:13:44 - INFO -   [训练进度] Step: 25500 | Epoch: 4.5341 | Loss: 0.1709 | LR: 9.321e-07 | Grad Norm: 2.8446
2026-07-30 14:13:53 - INFO -   [训练进度] Step: 25600 | Epoch: 4.5519 | Loss: 0.1765 | LR: 8.965e-07 | Grad Norm: 3.458
2026-07-30 14:14:01 - INFO -   [训练进度] Step: 25700 | Epoch: 4.5697 | Loss: 0.1708 | LR: 8.610e-07 | Grad Norm: 2.4804
2026-07-30 14:14:10 - INFO -   [训练进度] Step: 25800 | Epoch: 4.5875 | Loss: 0.1667 | LR: 8.254e-07 | Grad Norm: 2.3845
2026-07-30 14:14:19 - INFO -   [训练进度] Step: 25900 | Epoch: 4.6053 | Loss: 0.168 | LR: 7.898e-07 | Grad Norm: 2.4908
2026-07-30 14:14:28 - INFO -   [训练进度] Step: 26000 | Epoch: 4.623 | Loss: 0.1708 | LR: 7.543e-07 | Grad Norm: 3.2311
2026-07-30 14:14:36 - INFO -   [训练进度] Step: 26100 | Epoch: 4.6408 | Loss: 0.1706 | LR: 7.187e-07 | Grad Norm: 3.5928
2026-07-30 14:14:45 - INFO -   [训练进度] Step: 26200 | Epoch: 4.6586 | Loss: 0.174 | LR: 6.831e-07 | Grad Norm: 2.2153
2026-07-30 14:14:54 - INFO -   [训练进度] Step: 26300 | Epoch: 4.6764 | Loss: 0.17 | LR: 6.476e-07 | Grad Norm: 3.929
2026-07-30 14:15:03 - INFO -   [训练进度] Step: 26400 | Epoch: 4.6942 | Loss: 0.1717 | LR: 6.120e-07 | Grad Norm: 2.2569
2026-07-30 14:15:12 - INFO -   [训练进度] Step: 26500 | Epoch: 4.7119 | Loss: 0.1687 | LR: 5.765e-07 | Grad Norm: 2.5939
2026-07-30 14:15:21 - INFO -   [训练进度] Step: 26600 | Epoch: 4.7297 | Loss: 0.172 | LR: 5.409e-07 | Grad Norm: 2.8905
2026-07-30 14:15:29 - INFO -   [训练进度] Step: 26700 | Epoch: 4.7475 | Loss: 0.1772 | LR: 5.053e-07 | Grad Norm: 2.7601
2026-07-30 14:15:38 - INFO -   [训练进度] Step: 26800 | Epoch: 4.7653 | Loss: 0.1711 | LR: 4.698e-07 | Grad Norm: 2.1871
2026-07-30 14:15:47 - INFO -   [训练进度] Step: 26900 | Epoch: 4.7831 | Loss: 0.1773 | LR: 4.342e-07 | Grad Norm: 2.9043
2026-07-30 14:15:56 - INFO -   [训练进度] Step: 27000 | Epoch: 4.8009 | Loss: 0.1725 | LR: 3.986e-07 | Grad Norm: 3.1369
2026-07-30 14:16:05 - INFO -   [训练进度] Step: 27100 | Epoch: 4.8186 | Loss: 0.178 | LR: 3.631e-07 | Grad Norm: 3.0864
2026-07-30 14:16:13 - INFO -   [训练进度] Step: 27200 | Epoch: 4.8364 | Loss: 0.1757 | LR: 3.275e-07 | Grad Norm: 4.689
2026-07-30 14:16:22 - INFO -   [训练进度] Step: 27300 | Epoch: 4.8542 | Loss: 0.1732 | LR: 2.920e-07 | Grad Norm: 2.0682
2026-07-30 14:16:31 - INFO -   [训练进度] Step: 27400 | Epoch: 4.872 | Loss: 0.173 | LR: 2.564e-07 | Grad Norm: 2.0286
2026-07-30 14:16:40 - INFO -   [训练进度] Step: 27500 | Epoch: 4.8898 | Loss: 0.1667 | LR: 2.208e-07 | Grad Norm: 3.9647
2026-07-30 14:16:49 - INFO -   [训练进度] Step: 27600 | Epoch: 4.9075 | Loss: 0.1737 | LR: 1.853e-07 | Grad Norm: 1.5164
2026-07-30 14:16:57 - INFO -   [训练进度] Step: 27700 | Epoch: 4.9253 | Loss: 0.171 | LR: 1.497e-07 | Grad Norm: 3.0804
2026-07-30 14:17:06 - INFO -   [训练进度] Step: 27800 | Epoch: 4.9431 | Loss: 0.17 | LR: 1.142e-07 | Grad Norm: 1.8729
2026-07-30 14:17:15 - INFO -   [训练进度] Step: 27900 | Epoch: 4.9609 | Loss: 0.1762 | LR: 7.859e-08 | Grad Norm: 5.2055
2026-07-30 14:17:24 - INFO -   [训练进度] Step: 28000 | Epoch: 4.9787 | Loss: 0.1688 | LR: 4.303e-08 | Grad Norm: 2.3251
2026-07-30 14:17:33 - INFO -   [训练进度] Step: 28100 | Epoch: 4.9964 | Loss: 0.1734 | LR: 7.468e-09 | Grad Norm: 2.8866
2026-07-30 14:17:51 - INFO -   [训练进度] Step: 28120 | Epoch: 5.0 | Loss: 0 | LR: 0.000e+00
2026-07-30 14:17:53 - INFO -   [训练进度] Step: 28120 | Epoch: 5.0 | Loss: 0 | LR: 0.000e+00
2026-07-30 14:17:53 - INFO - 
训练完成！总耗时: 2728.60 秒 (45.48 分钟)
2026-07-30 14:17:53 - INFO - 
================================================================================
2026-07-30 14:17:53 - INFO - 【验证集评测】完整评测结果
2026-07-30 14:17:53 - INFO - ================================================================================
2026-07-30 14:18:10 - INFO -   [训练进度] Step: 28120 | Epoch: 5.0 | Loss: 0 | LR: 0.000e+00
2026-07-30 14:18:10 - INFO - eval_loss: 0.2446
2026-07-30 14:18:10 - INFO - eval_macro_f1: 0.7059
2026-07-30 14:18:10 - INFO - eval_char_accuracy: 0.9659
2026-07-30 14:18:10 - INFO - eval_O_f1: 0.9870
2026-07-30 14:18:10 - INFO - eval_COMMA_f1: 0.7872
2026-07-30 14:18:10 - INFO - eval_PERIOD_f1: 0.7619
2026-07-30 14:18:10 - INFO - eval_DUN_f1: 0.7130
2026-07-30 14:18:10 - INFO - eval_COLON_f1: 0.6411
2026-07-30 14:18:10 - INFO - eval_QUOTE_LEFT_f1: 0.4788
2026-07-30 14:18:10 - INFO - eval_QUOTE_RIGHT_f1: 0.4756
2026-07-30 14:18:10 - INFO - eval_BRACKET_LEFT_f1: 0.7622
2026-07-30 14:18:10 - INFO - eval_BRACKET_RIGHT_f1: 0.7459
2026-07-30 14:18:10 - INFO - eval_runtime: 16.8037
2026-07-30 14:18:10 - INFO - eval_samples_per_second: 594.9880
2026-07-30 14:18:10 - INFO - eval_steps_per_second: 37.1940
2026-07-30 14:18:10 - INFO - epoch: 5.0000
2026-07-30 14:18:10 - INFO - 
最佳Epoch: 6
2026-07-30 14:18:10 - INFO - 
================================================================================
2026-07-30 14:18:10 - INFO - 【结果保存】保存训练记录和日志
2026-07-30 14:18:10 - INFO - ================================================================================
2026-07-30 14:18:10 - INFO - 
评估结果已保存至: ./eval_results.json
2026-07-30 14:18:10 - INFO - 历史记录数: 6
2026-07-30 14:18:10 - INFO - 训练日志已保存至: ./logs\training_20260730_133225.log
2026-07-30 14:18:10 - INFO - 
【模型保存】保存最佳模型...
2026-07-30 14:18:10 - INFO - 模型已保存至: ./punctuation_best
2026-07-30 14:18:10 - INFO - 
================================================================================
2026-07-30 14:18:10 - INFO - 训练流程全部完成！
2026-07-30 14:18:10 - INFO - ================================================================================
