2026-07-28 09:23:35 - INFO - ================================================================================
2026-07-28 09:23:35 - INFO - 开始训练流程
2026-07-28 09:23:35 - INFO - ================================================================================
2026-07-28 09:23:35 - INFO - 
【数据准备】加载THUCNews数据集...
2026-07-28 09:23:50 - INFO - 训练集样本数: 44983
2026-07-28 09:23:50 - INFO - 验证集样本数: 4999
2026-07-28 09:23:50 - INFO - 数据划分比例: 90% 训练 / 10% 验证
2026-07-28 09:23:50 - INFO - 随机种子: 42
2026-07-28 09:23:50 - INFO - 
【模型加载】加载模型和分词器...
2026-07-28 09:24:21 - INFO - 模型总参数量: 101.68M (101,680,132)
2026-07-28 09:24:21 - INFO - 可训练参数量: 101.68M (101,680,132)
2026-07-28 09:24:21 - INFO - 
【数据处理】数据预处理与tokenization...
2026-07-28 09:24:21 - INFO - 最大序列长度: 128
2026-07-28 09:24:21 - INFO - Batch size: 16
2026-07-28 09:24:21 - INFO - 
【类别权重】分析类别分布并计算权重...
2026-07-28 09:24:39 - INFO - 类别分布统计:
2026-07-28 09:24:39 - INFO -   O (ID=0): 5,205,895 samples (93.25%)
2026-07-28 09:24:39 - INFO -   COMMA (ID=1): 257,862 samples (4.62%)
2026-07-28 09:24:39 - INFO -   PERIOD (ID=2): 99,462 samples (1.78%)
2026-07-28 09:24:39 - INFO -   DUN (ID=3): 19,726 samples (0.35%)
2026-07-28 09:24:39 - INFO - 
类别权重策略: sqrt(total / (num_classes * count)) with cap at 5.0
2026-07-28 09:24:39 - INFO - 应用后的权重:
2026-07-28 09:24:39 - INFO -   O: 0.5178x
2026-07-28 09:24:39 - INFO -   COMMA: 2.3265x
2026-07-28 09:24:39 - INFO -   PERIOD: 3.7460x
2026-07-28 09:24:39 - INFO -   DUN: 5.0000x
2026-07-28 09:24:39 - INFO - 
【训练配置】设置训练参数...
2026-07-28 09:24:39 - INFO - Epochs: 3
2026-07-28 09:24:39 - INFO - Learning rate: 2e-05
2026-07-28 09:24:39 - INFO - Batch size (per device): 16
2026-07-28 09:24:39 - INFO - FP16混合精度: True
2026-07-28 09:24:39 - INFO - Weight decay: 0.0
2026-07-28 09:24:39 - INFO - Warmup ratio: None
2026-07-28 09:24:39 - INFO - 设备: cuda
2026-07-28 09:24:39 - INFO - 
================================================================================
2026-07-28 09:24:39 - INFO - 【训练阶段】开始模型训练...
2026-07-28 09:24:39 - INFO - ================================================================================
2026-07-28 09:24:39 - INFO - 从头开始训练
2026-07-28 09:24:52 - INFO -   [训练进度] Step: 100 | Epoch: 0.0356 | Loss: 0.3973 | LR: 1.977e-05 | Grad Norm: 1.8027
2026-07-28 09:25:03 - INFO -   [训练进度] Step: 200 | Epoch: 0.0711 | Loss: 0.2169 | LR: 1.953e-05 | Grad Norm: 1.8019
2026-07-28 09:25:14 - INFO -   [训练进度] Step: 300 | Epoch: 0.1067 | Loss: 0.2028 | LR: 1.929e-05 | Grad Norm: 2.0719
2026-07-28 09:25:24 - INFO -   [训练进度] Step: 400 | Epoch: 0.1422 | Loss: 0.1923 | LR: 1.905e-05 | Grad Norm: 1.9405
2026-07-28 09:25:35 - INFO -   [训练进度] Step: 500 | Epoch: 0.1778 | Loss: 0.1864 | LR: 1.882e-05 | Grad Norm: 1.5076
2026-07-28 09:25:46 - INFO -   [训练进度] Step: 600 | Epoch: 0.2134 | Loss: 0.185 | LR: 1.858e-05 | Grad Norm: 2.4014
2026-07-28 09:25:57 - INFO -   [训练进度] Step: 700 | Epoch: 0.2489 | Loss: 0.1752 | LR: 1.834e-05 | Grad Norm: 1.9403
2026-07-28 09:26:09 - INFO -   [训练进度] Step: 800 | Epoch: 0.2845 | Loss: 0.1725 | LR: 1.811e-05 | Grad Norm: 2.0601
2026-07-28 09:26:20 - INFO -   [训练进度] Step: 900 | Epoch: 0.3201 | Loss: 0.1769 | LR: 1.787e-05 | Grad Norm: 0.9253
2026-07-28 09:26:31 - INFO -   [训练进度] Step: 1000 | Epoch: 0.3556 | Loss: 0.1741 | LR: 1.763e-05 | Grad Norm: 1.0633
2026-07-28 09:26:41 - INFO -   [训练进度] Step: 1100 | Epoch: 0.3912 | Loss: 0.1707 | LR: 1.739e-05 | Grad Norm: 1.5734
2026-07-28 09:26:52 - INFO -   [训练进度] Step: 1200 | Epoch: 0.4267 | Loss: 0.1666 | LR: 1.716e-05 | Grad Norm: 1.8148
2026-07-28 09:27:02 - INFO -   [训练进度] Step: 1300 | Epoch: 0.4623 | Loss: 0.1642 | LR: 1.692e-05 | Grad Norm: 1.4291
2026-07-28 09:27:13 - INFO -   [训练进度] Step: 1400 | Epoch: 0.4979 | Loss: 0.1636 | LR: 1.668e-05 | Grad Norm: 2.2563
2026-07-28 09:27:24 - INFO -   [训练进度] Step: 1500 | Epoch: 0.5334 | Loss: 0.166 | LR: 1.645e-05 | Grad Norm: 1.5264
2026-07-28 09:27:35 - INFO -   [训练进度] Step: 1600 | Epoch: 0.569 | Loss: 0.1609 | LR: 1.621e-05 | Grad Norm: 1.2944
2026-07-28 09:27:45 - INFO -   [训练进度] Step: 1700 | Epoch: 0.6046 | Loss: 0.1672 | LR: 1.597e-05 | Grad Norm: 1.2319
2026-07-28 09:27:56 - INFO -   [训练进度] Step: 1800 | Epoch: 0.6401 | Loss: 0.1648 | LR: 1.573e-05 | Grad Norm: 1.8722
2026-07-28 09:28:07 - INFO -   [训练进度] Step: 1900 | Epoch: 0.6757 | Loss: 0.1638 | LR: 1.550e-05 | Grad Norm: 2.5526
2026-07-28 09:28:18 - INFO -   [训练进度] Step: 2000 | Epoch: 0.7112 | Loss: 0.1577 | LR: 1.526e-05 | Grad Norm: 1.3112
2026-07-28 09:28:29 - INFO -   [训练进度] Step: 2100 | Epoch: 0.7468 | Loss: 0.1588 | LR: 1.502e-05 | Grad Norm: 1.2275
2026-07-28 09:28:40 - INFO -   [训练进度] Step: 2200 | Epoch: 0.7824 | Loss: 0.1575 | LR: 1.479e-05 | Grad Norm: 1.9608
2026-07-28 09:28:50 - INFO -   [训练进度] Step: 2300 | Epoch: 0.8179 | Loss: 0.1548 | LR: 1.455e-05 | Grad Norm: 1.2866
2026-07-28 09:29:01 - INFO -   [训练进度] Step: 2400 | Epoch: 0.8535 | Loss: 0.1549 | LR: 1.431e-05 | Grad Norm: 1.615
2026-07-28 09:29:12 - INFO -   [训练进度] Step: 2500 | Epoch: 0.889 | Loss: 0.1568 | LR: 1.408e-05 | Grad Norm: 1.847
2026-07-28 09:29:22 - INFO -   [训练进度] Step: 2600 | Epoch: 0.9246 | Loss: 0.1553 | LR: 1.384e-05 | Grad Norm: 1.4459
2026-07-28 09:29:33 - INFO -   [训练进度] Step: 2700 | Epoch: 0.9602 | Loss: 0.1515 | LR: 1.360e-05 | Grad Norm: 1.097
2026-07-28 09:29:44 - INFO -   [训练进度] Step: 2800 | Epoch: 0.9957 | Loss: 0.1523 | LR: 1.336e-05 | Grad Norm: 2.0735
2026-07-28 09:29:59 - INFO -   [训练进度] Step: 2812 | Epoch: 1.0 | Loss: 0 | LR: 0.000e+00
2026-07-28 09:30:10 - INFO -   [训练进度] Step: 2900 | Epoch: 1.0313 | Loss: 0.1301 | LR: 1.313e-05 | Grad Norm: 1.4667
2026-07-28 09:30:21 - INFO -   [训练进度] Step: 3000 | Epoch: 1.0669 | Loss: 0.1347 | LR: 1.289e-05 | Grad Norm: 0.915
2026-07-28 09:30:32 - INFO -   [训练进度] Step: 3100 | Epoch: 1.1024 | Loss: 0.1343 | LR: 1.265e-05 | Grad Norm: 1.2038
2026-07-28 09:30:43 - INFO -   [训练进度] Step: 3200 | Epoch: 1.138 | Loss: 0.1366 | LR: 1.242e-05 | Grad Norm: 1.7007
2026-07-28 09:30:53 - INFO -   [训练进度] Step: 3300 | Epoch: 1.1735 | Loss: 0.1294 | LR: 1.218e-05 | Grad Norm: 1.3208
2026-07-28 09:31:04 - INFO -   [训练进度] Step: 3400 | Epoch: 1.2091 | Loss: 0.1303 | LR: 1.194e-05 | Grad Norm: 1.4408
2026-07-28 09:31:14 - INFO -   [训练进度] Step: 3500 | Epoch: 1.2447 | Loss: 0.1337 | LR: 1.170e-05 | Grad Norm: 1.4079
2026-07-28 09:31:25 - INFO -   [训练进度] Step: 3600 | Epoch: 1.2802 | Loss: 0.1303 | LR: 1.147e-05 | Grad Norm: 1.0442
2026-07-28 09:31:36 - INFO -   [训练进度] Step: 3700 | Epoch: 1.3158 | Loss: 0.1387 | LR: 1.123e-05 | Grad Norm: 1.3725
2026-07-28 09:31:47 - INFO -   [训练进度] Step: 3800 | Epoch: 1.3514 | Loss: 0.133 | LR: 1.099e-05 | Grad Norm: 1.019
2026-07-28 09:31:58 - INFO -   [训练进度] Step: 3900 | Epoch: 1.3869 | Loss: 0.1285 | LR: 1.076e-05 | Grad Norm: 1.4683
2026-07-28 09:32:09 - INFO -   [训练进度] Step: 4000 | Epoch: 1.4225 | Loss: 0.134 | LR: 1.052e-05 | Grad Norm: 1.7508
2026-07-28 09:32:20 - INFO -   [训练进度] Step: 4100 | Epoch: 1.458 | Loss: 0.1314 | LR: 1.028e-05 | Grad Norm: 1.0348
2026-07-28 09:32:31 - INFO -   [训练进度] Step: 4200 | Epoch: 1.4936 | Loss: 0.1337 | LR: 1.005e-05 | Grad Norm: 1.1638
2026-07-28 09:32:42 - INFO -   [训练进度] Step: 4300 | Epoch: 1.5292 | Loss: 0.1305 | LR: 9.808e-06 | Grad Norm: 1.7952
2026-07-28 09:32:53 - INFO -   [训练进度] Step: 4400 | Epoch: 1.5647 | Loss: 0.134 | LR: 9.571e-06 | Grad Norm: 1.4697
2026-07-28 09:33:03 - INFO -   [训练进度] Step: 4500 | Epoch: 1.6003 | Loss: 0.1314 | LR: 9.334e-06 | Grad Norm: 1.9735
2026-07-28 09:33:14 - INFO -   [训练进度] Step: 4600 | Epoch: 1.6358 | Loss: 0.1304 | LR: 9.097e-06 | Grad Norm: 1.8204
2026-07-28 09:33:24 - INFO -   [训练进度] Step: 4700 | Epoch: 1.6714 | Loss: 0.1313 | LR: 8.860e-06 | Grad Norm: 1.3207
2026-07-28 09:33:35 - INFO -   [训练进度] Step: 4800 | Epoch: 1.707 | Loss: 0.133 | LR: 8.623e-06 | Grad Norm: 0.9689
2026-07-28 09:33:46 - INFO -   [训练进度] Step: 4900 | Epoch: 1.7425 | Loss: 0.1327 | LR: 8.385e-06 | Grad Norm: 1.5494
2026-07-28 09:33:57 - INFO -   [训练进度] Step: 5000 | Epoch: 1.7781 | Loss: 0.129 | LR: 8.148e-06 | Grad Norm: 1.8675
2026-07-28 09:34:08 - INFO -   [训练进度] Step: 5100 | Epoch: 1.8137 | Loss: 0.1271 | LR: 7.911e-06 | Grad Norm: 1.3962
2026-07-28 09:34:19 - INFO -   [训练进度] Step: 5200 | Epoch: 1.8492 | Loss: 0.1324 | LR: 7.674e-06 | Grad Norm: 2.0978
2026-07-28 09:34:30 - INFO -   [训练进度] Step: 5300 | Epoch: 1.8848 | Loss: 0.1283 | LR: 7.437e-06 | Grad Norm: 1.2214
2026-07-28 09:34:40 - INFO -   [训练进度] Step: 5400 | Epoch: 1.9203 | Loss: 0.1313 | LR: 7.200e-06 | Grad Norm: 1.3162
2026-07-28 09:34:51 - INFO -   [训练进度] Step: 5500 | Epoch: 1.9559 | Loss: 0.1308 | LR: 6.963e-06 | Grad Norm: 1.2621
2026-07-28 09:35:02 - INFO -   [训练进度] Step: 5600 | Epoch: 1.9915 | Loss: 0.1295 | LR: 6.726e-06 | Grad Norm: 1.9016
2026-07-28 09:35:17 - INFO -   [训练进度] Step: 5624 | Epoch: 2.0 | Loss: 0 | LR: 0.000e+00
2026-07-28 09:35:27 - INFO -   [训练进度] Step: 5700 | Epoch: 2.027 | Loss: 0.1147 | LR: 6.489e-06 | Grad Norm: 1.5625
2026-07-28 09:35:38 - INFO -   [训练进度] Step: 5800 | Epoch: 2.0626 | Loss: 0.11 | LR: 6.252e-06 | Grad Norm: 1.3643
2026-07-28 09:35:48 - INFO -   [训练进度] Step: 5900 | Epoch: 2.0982 | Loss: 0.1121 | LR: 6.015e-06 | Grad Norm: 1.4546
2026-07-28 09:35:59 - INFO -   [训练进度] Step: 6000 | Epoch: 2.1337 | Loss: 0.114 | LR: 5.778e-06 | Grad Norm: 1.3784
2026-07-28 09:36:10 - INFO -   [训练进度] Step: 6100 | Epoch: 2.1693 | Loss: 0.1146 | LR: 5.541e-06 | Grad Norm: 1.0444
2026-07-28 09:36:21 - INFO -   [训练进度] Step: 6200 | Epoch: 2.2048 | Loss: 0.1117 | LR: 5.303e-06 | Grad Norm: 1.5442
2026-07-28 09:36:31 - INFO -   [训练进度] Step: 6300 | Epoch: 2.2404 | Loss: 0.1126 | LR: 5.066e-06 | Grad Norm: 1.3128
2026-07-28 09:36:42 - INFO -   [训练进度] Step: 6400 | Epoch: 2.276 | Loss: 0.1125 | LR: 4.829e-06 | Grad Norm: 1.5793
2026-07-28 09:36:53 - INFO -   [训练进度] Step: 6500 | Epoch: 2.3115 | Loss: 0.112 | LR: 4.592e-06 | Grad Norm: 1.331
2026-07-28 09:37:04 - INFO -   [训练进度] Step: 6600 | Epoch: 2.3471 | Loss: 0.1105 | LR: 4.355e-06 | Grad Norm: 1.3213
2026-07-28 09:37:14 - INFO -   [训练进度] Step: 6700 | Epoch: 2.3826 | Loss: 0.1107 | LR: 4.118e-06 | Grad Norm: 2.1516
2026-07-28 09:37:25 - INFO -   [训练进度] Step: 6800 | Epoch: 2.4182 | Loss: 0.1123 | LR: 3.881e-06 | Grad Norm: 1.2921
2026-07-28 09:37:36 - INFO -   [训练进度] Step: 6900 | Epoch: 2.4538 | Loss: 0.1155 | LR: 3.644e-06 | Grad Norm: 1.9081
2026-07-28 09:37:46 - INFO -   [训练进度] Step: 7000 | Epoch: 2.4893 | Loss: 0.1097 | LR: 3.407e-06 | Grad Norm: 2.4695
2026-07-28 09:37:57 - INFO -   [训练进度] Step: 7100 | Epoch: 2.5249 | Loss: 0.1106 | LR: 3.170e-06 | Grad Norm: 1.9137
2026-07-28 09:38:09 - INFO -   [训练进度] Step: 7200 | Epoch: 2.5605 | Loss: 0.1136 | LR: 2.933e-06 | Grad Norm: 1.309
2026-07-28 09:38:19 - INFO -   [训练进度] Step: 7300 | Epoch: 2.596 | Loss: 0.1072 | LR: 2.696e-06 | Grad Norm: 1.614
2026-07-28 09:38:31 - INFO -   [训练进度] Step: 7400 | Epoch: 2.6316 | Loss: 0.1093 | LR: 2.459e-06 | Grad Norm: 1.9383
2026-07-28 09:38:41 - INFO -   [训练进度] Step: 7500 | Epoch: 2.6671 | Loss: 0.1124 | LR: 2.221e-06 | Grad Norm: 1.4002
2026-07-28 09:38:52 - INFO -   [训练进度] Step: 7600 | Epoch: 2.7027 | Loss: 0.108 | LR: 1.984e-06 | Grad Norm: 1.451
2026-07-28 09:39:03 - INFO -   [训练进度] Step: 7700 | Epoch: 2.7383 | Loss: 0.1134 | LR: 1.747e-06 | Grad Norm: 2.4277
2026-07-28 09:39:14 - INFO -   [训练进度] Step: 7800 | Epoch: 2.7738 | Loss: 0.1101 | LR: 1.510e-06 | Grad Norm: 1.6561
2026-07-28 09:39:26 - INFO -   [训练进度] Step: 7900 | Epoch: 2.8094 | Loss: 0.1104 | LR: 1.273e-06 | Grad Norm: 2.2929
2026-07-28 09:39:37 - INFO -   [训练进度] Step: 8000 | Epoch: 2.845 | Loss: 0.1093 | LR: 1.036e-06 | Grad Norm: 1.4311
2026-07-28 09:39:49 - INFO -   [训练进度] Step: 8100 | Epoch: 2.8805 | Loss: 0.1148 | LR: 7.990e-07 | Grad Norm: 2.4007
2026-07-28 09:40:00 - INFO -   [训练进度] Step: 8200 | Epoch: 2.9161 | Loss: 0.111 | LR: 5.619e-07 | Grad Norm: 1.1828
2026-07-28 09:40:11 - INFO -   [训练进度] Step: 8300 | Epoch: 2.9516 | Loss: 0.1105 | LR: 3.248e-07 | Grad Norm: 1.99
2026-07-28 09:40:22 - INFO -   [训练进度] Step: 8400 | Epoch: 2.9872 | Loss: 0.1108 | LR: 8.772e-08 | Grad Norm: 1.2439
2026-07-28 09:40:39 - INFO -   [训练进度] Step: 8436 | Epoch: 3.0 | Loss: 0 | LR: 0.000e+00
2026-07-28 09:40:43 - INFO -   [训练进度] Step: 8436 | Epoch: 3.0 | Loss: 0 | LR: 0.000e+00
2026-07-28 09:40:44 - INFO - 
训练完成！总耗时: 1028.67 秒 (17.14 分钟)
2026-07-28 09:40:44 - INFO - 
================================================================================
2026-07-28 09:40:44 - INFO - 【验证集评测】完整评测结果
2026-07-28 09:40:44 - INFO - ================================================================================
2026-07-28 09:40:57 - INFO -   [训练进度] Step: 8436 | Epoch: 3.0 | Loss: 0 | LR: 0.000e+00
2026-07-28 09:40:57 - INFO - eval_loss: 0.1451
2026-07-28 09:40:57 - INFO - eval_macro_f1: 0.8210
2026-07-28 09:40:57 - INFO - eval_char_accuracy: 0.9757
2026-07-28 09:40:57 - INFO - eval_O_f1: 0.9911
2026-07-28 09:40:57 - INFO - eval_COMMA_f1: 0.7891
2026-07-28 09:40:57 - INFO - eval_PERIOD_f1: 0.7711
2026-07-28 09:40:57 - INFO - eval_DUN_f1: 0.7329
2026-07-28 09:40:57 - INFO - eval_runtime: 13.6378
2026-07-28 09:40:57 - INFO - eval_samples_per_second: 366.5540
2026-07-28 09:40:57 - INFO - eval_steps_per_second: 22.9510
2026-07-28 09:40:57 - INFO - epoch: 3.0000
2026-07-28 09:40:57 - INFO - 
最佳Epoch: 4
2026-07-28 09:40:57 - INFO - 
================================================================================
2026-07-28 09:40:57 - INFO - 【结果保存】保存训练记录和日志
2026-07-28 09:40:57 - INFO - ================================================================================
2026-07-28 09:40:57 - INFO - 
评估结果已保存至: ./eval_results.json
2026-07-28 09:40:57 - INFO - 历史记录数: 4
2026-07-28 09:40:57 - INFO - 训练日志已保存至: ./logs\training_20260728_092335.log
2026-07-28 09:40:57 - INFO - 
【模型保存】保存最佳模型...
2026-07-28 09:40:58 - INFO - 模型已保存至: ./punctuation_best
2026-07-28 09:40:58 - INFO - 
================================================================================
2026-07-28 09:40:58 - INFO - 训练流程全部完成！
2026-07-28 09:40:58 - INFO - ================================================================================
